Archive member included because of file (symbol)

C:\Users\Gregi\gunshot\CMSIS_5-5.4.0\CMSIS\Lib\GCC\libarm_cortexM4lf_math.a(arm_q15_to_float.o)
                              ./src/predictor.o (arm_q15_to_float)
C:\Users\Gregi\gunshot\CMSIS_5-5.4.0\CMSIS\Lib\GCC\libarm_cortexM4lf_math.a(arm_float_to_q7.o)
                              ./src/predictor.o (arm_float_to_q7)
C:\Users\Gregi\gunshot\CMSIS_5-5.4.0\CMSIS\Lib\GCC\libarm_cortexM4lf_math.a(arm_min_f32.o)
                              ./src/predictor.o (arm_min_f32)
C:\Users\Gregi\gunshot\CMSIS_5-5.4.0\CMSIS\Lib\GCC\libarm_cortexM4lf_math.a(arm_max_f32.o)
                              ./src/predictor.o (arm_max_f32)
C:\Users\Gregi\gunshot\CMSIS_5-5.4.0\CMSIS\Lib\GCC\libarm_cortexM4lf_math.a(arm_rfft_fast_init_f32.o)
                              ./src/predictor.o (arm_rfft_fast_init_f32)
C:\Users\Gregi\gunshot\CMSIS_5-5.4.0\CMSIS\Lib\GCC\libarm_cortexM4lf_math.a(arm_rfft_fast_f32.o)
                              ./src/predictor.o (arm_rfft_fast_f32)
C:\Users\Gregi\gunshot\CMSIS_5-5.4.0\CMSIS\Lib\GCC\libarm_cortexM4lf_math.a(arm_cfft_f32.o)
                              C:\Users\Gregi\gunshot\CMSIS_5-5.4.0\CMSIS\Lib\GCC\libarm_cortexM4lf_math.a(arm_rfft_fast_f32.o) (arm_cfft_f32)
C:\Users\Gregi\gunshot\CMSIS_5-5.4.0\CMSIS\Lib\GCC\libarm_cortexM4lf_math.a(arm_cmplx_mag_f32.o)
                              ./src/predictor.o (arm_cmplx_mag_f32)
C:\Users\Gregi\gunshot\CMSIS_5-5.4.0\CMSIS\Lib\GCC\libarm_cortexM4lf_math.a(arm_cos_f32.o)
                              ./src/main.o (arm_cos_f32)
C:\Users\Gregi\gunshot\CMSIS_5-5.4.0\CMSIS\Lib\GCC\libarm_cortexM4lf_math.a(arm_scale_f32.o)
                              ./src/predictor.o (arm_scale_f32)
C:\Users\Gregi\gunshot\CMSIS_5-5.4.0\CMSIS\Lib\GCC\libarm_cortexM4lf_math.a(arm_mult_f32.o)
                              ./src/predictor.o (arm_mult_f32)
C:\Users\Gregi\gunshot\CMSIS_5-5.4.0\CMSIS\Lib\GCC\libarm_cortexM4lf_math.a(arm_common_tables.o)
                              C:\Users\Gregi\gunshot\CMSIS_5-5.4.0\CMSIS\Lib\GCC\libarm_cortexM4lf_math.a(arm_cos_f32.o) (sinTable_f32)
C:\Users\Gregi\gunshot\CMSIS_5-5.4.0\CMSIS\Lib\GCC\libarm_cortexM4lf_math.a(arm_bitreversal2.o)
                              C:\Users\Gregi\gunshot\CMSIS_5-5.4.0\CMSIS\Lib\GCC\libarm_cortexM4lf_math.a(arm_cfft_f32.o) (arm_bitreversal_32)
C:\Users\Gregi\gunshot\CMSIS_5-5.4.0\CMSIS\Lib\GCC\libarm_cortexM4lf_math.a(arm_cfft_radix8_f32.o)
                              C:\Users\Gregi\gunshot\CMSIS_5-5.4.0\CMSIS\Lib\GCC\libarm_cortexM4lf_math.a(arm_cfft_f32.o) (arm_radix8_butterfly_f32)
c:/siliconlabs/simplicitystudio/v4/developer/toolchains/gnu_arm/4.9_2015q3/bin/../lib/gcc/arm-none-eabi/4.9.3/../../../../arm-none-eabi/lib/armv7e-m/fpu\libm.a(lib_a-w_log.o)
                              ./src/predictor.o (log)
c:/siliconlabs/simplicitystudio/v4/developer/toolchains/gnu_arm/4.9_2015q3/bin/../lib/gcc/arm-none-eabi/4.9.3/../../../../arm-none-eabi/lib/armv7e-m/fpu\libm.a(lib_a-w_sqrt.o)
                              ./src/predictor.o (sqrt)
c:/siliconlabs/simplicitystudio/v4/developer/toolchains/gnu_arm/4.9_2015q3/bin/../lib/gcc/arm-none-eabi/4.9.3/../../../../arm-none-eabi/lib/armv7e-m/fpu\libm.a(lib_a-wf_sqrt.o)
                              C:\Users\Gregi\gunshot\CMSIS_5-5.4.0\CMSIS\Lib\GCC\libarm_cortexM4lf_math.a(arm_cmplx_mag_f32.o) (sqrtf)
c:/siliconlabs/simplicitystudio/v4/developer/toolchains/gnu_arm/4.9_2015q3/bin/../lib/gcc/arm-none-eabi/4.9.3/../../../../arm-none-eabi/lib/armv7e-m/fpu\libm.a(lib_a-e_log.o)
                              c:/siliconlabs/simplicitystudio/v4/developer/toolchains/gnu_arm/4.9_2015q3/bin/../lib/gcc/arm-none-eabi/4.9.3/../../../../arm-none-eabi/lib/armv7e-m/fpu\libm.a(lib_a-w_log.o) (__ieee754_log)
c:/siliconlabs/simplicitystudio/v4/developer/toolchains/gnu_arm/4.9_2015q3/bin/../lib/gcc/arm-none-eabi/4.9.3/../../../../arm-none-eabi/lib/armv7e-m/fpu\libm.a(lib_a-e_sqrt.o)
                              c:/siliconlabs/simplicitystudio/v4/developer/toolchains/gnu_arm/4.9_2015q3/bin/../lib/gcc/arm-none-eabi/4.9.3/../../../../arm-none-eabi/lib/armv7e-m/fpu\libm.a(lib_a-w_sqrt.o) (__ieee754_sqrt)
c:/siliconlabs/simplicitystudio/v4/developer/toolchains/gnu_arm/4.9_2015q3/bin/../lib/gcc/arm-none-eabi/4.9.3/../../../../arm-none-eabi/lib/armv7e-m/fpu\libm.a(lib_a-ef_sqrt.o)
                              c:/siliconlabs/simplicitystudio/v4/developer/toolchains/gnu_arm/4.9_2015q3/bin/../lib/gcc/arm-none-eabi/4.9.3/../../../../arm-none-eabi/lib/armv7e-m/fpu\libm.a(lib_a-wf_sqrt.o) (__ieee754_sqrtf)
c:/siliconlabs/simplicitystudio/v4/developer/toolchains/gnu_arm/4.9_2015q3/bin/../lib/gcc/arm-none-eabi/4.9.3/../../../../arm-none-eabi/lib/armv7e-m/fpu\libm.a(lib_a-s_fpclassify.o)
                              c:/siliconlabs/simplicitystudio/v4/developer/toolchains/gnu_arm/4.9_2015q3/bin/../lib/gcc/arm-none-eabi/4.9.3/../../../../arm-none-eabi/lib/armv7e-m/fpu\libm.a(lib_a-w_log.o) (__fpclassifyd)
[...]
Memory Configuration

Name             Origin             Length             Attributes
FLASH            0x00000000         0x00040000         xr
RAM              0x20000000         0x00008000         xrw
*default*        0x00000000         0xffffffff

Linker script and memory map

LOAD c:/siliconlabs/simplicitystudio/v4/developer/toolchains/gnu_arm/4.9_2015q3/bin/../lib/gcc/arm-none-eabi/4.9.3/armv7e-m/fpu/crti.o
LOAD c:/siliconlabs/simplicitystudio/v4/developer/toolchains/gnu_arm/4.9_2015q3/bin/../lib/gcc/arm-none-eabi/4.9.3/armv7e-m/fpu/crtbegin.o
LOAD c:/siliconlabs/simplicitystudio/v4/developer/toolchains/gnu_arm/4.9_2015q3/bin/../lib/gcc/arm-none-eabi/4.9.3/../../../../arm-none-eabi/lib/armv7e-m/fpu/crt0.o
LOAD ./usb/em_usbd.o
LOAD ./usb/em_usbdch9.o
LOAD ./usb/em_usbdep.o
LOAD ./usb/em_usbdint.o
LOAD ./usb/em_usbh.o
LOAD ./usb/em_usbhal.o
LOAD ./usb/em_usbhep.o
LOAD ./usb/em_usbhint.o
LOAD ./usb/em_usbtimer.o
LOAD ./src/audioMoth.o
LOAD ./src/main.o
LOAD ./fatfs/diskio.o
LOAD ./emlib/em_acmp.o
LOAD ./emlib/em_adc.o
LOAD ./emlib/em_aes.o
LOAD ./emlib/em_assert.o
LOAD ./emlib/em_burtc.o
LOAD ./emlib/em_can.o
LOAD ./emlib/em_cmu.o
LOAD ./emlib/em_core.o
LOAD ./emlib/em_cryotimer.o
LOAD ./emlib/em_csen.o
LOAD ./emlib/em_dac.o
LOAD ./emlib/em_dbg.o
LOAD ./emlib/em_dma.o
LOAD ./emlib/em_ebi.o
LOAD ./emlib/em_emu.o
LOAD ./emlib/em_gpcrc.o
LOAD ./emlib/em_gpio.o
LOAD ./emlib/em_i2c.o
LOAD ./emlib/em_idac.o
LOAD ./emlib/em_ldma.o
LOAD ./emlib/em_lesense.o
LOAD ./emlib/em_letimer.o
LOAD ./emlib/em_leuart.o
LOAD ./emlib/em_mpu.o
LOAD ./emlib/em_msc.o
LOAD ./emlib/em_opamp.o
LOAD ./emlib/em_pcnt.o
LOAD ./emlib/em_prs.o
LOAD ./emlib/em_qspi.o
LOAD ./emlib/em_rmu.o
LOAD ./emlib/em_rtc.o
LOAD ./emlib/em_rtcc.o
LOAD ./emlib/em_system.o
LOAD ./emlib/em_timer.o
LOAD ./emlib/em_usart.o
LOAD ./emlib/em_vcmp.o
LOAD ./emlib/em_vdac.o
LOAD ./emlib/em_wdog.o
LOAD ./drivers/dmactrl.o
LOAD ./drivers/microsd.o
LOAD ./CMSIS/EFM32WG/startup_efm32wg.o
LOAD ./CMSIS/EFM32WG/system_efm32wg.o
LOAD ./fatfs/audioMoth_ff.o
LOAD ./src/predictor.o
LOAD C:\Users\Gregi\gunshot\CMSIS_5-5.4.0\CMSIS\Lib\GCC\libarm_cortexM4lf_math.a
LOAD c:/siliconlabs/simplicitystudio/v4/developer/toolchains/gnu_arm/4.9_2015q3/bin/../lib/gcc/arm-none-eabi/4.9.3/../../../../arm-none-eabi/lib/armv7e-m/fpu\libm.a
LOAD ./src/main2.o
LOAD ./NN/arm_convolve_1x1_HWC_q7_fast_nonsquare.o
LOAD ./NN/arm_convolve_HWC_q15_fast_nonsquare.o
LOAD ./NN/arm_convolve_HWC_q7_basic_nonsquare.o
LOAD ./NN/arm_convolve_HWC_q7_fast_nonsquare.o
LOAD ./NN/arm_depthwise_separable_conv_HWC_q7_nonsquare.o
LOAD ./NN/arm_fully_connected_q15.o
LOAD ./NN/arm_fully_connected_q7.o
LOAD ./NN/arm_nn_activations_q15.o
LOAD ./NN/arm_nn_activations_q7.o
LOAD ./NN/arm_nntables.o
LOAD ./NN/arm_relu_q15.o
LOAD ./NN/arm_relu_q7.o
LOAD ./src/test.o
START GROUP
LOAD c:/siliconlabs/simplicitystudio/v4/developer/toolchains/gnu_arm/4.9_2015q3/bin/../lib/gcc/arm-none-eabi/4.9.3/armv7e-m/fpu\libgcc.a
LOAD c:/siliconlabs/simplicitystudio/v4/developer/toolchains/gnu_arm/4.9_2015q3/bin/../lib/gcc/arm-none-eabi/4.9.3/../../../../arm-none-eabi/lib/armv7e-m/fpu\libc_nano.a
LOAD c:/siliconlabs/simplicitystudio/v4/developer/toolchains/gnu_arm/4.9_2015q3/bin/../lib/gcc/arm-none-eabi/4.9.3/../../../../arm-none-eabi/lib/armv7e-m/fpu\libnosys.a
END GROUP
START GROUP
LOAD c:/siliconlabs/simplicitystudio/v4/developer/toolchains/gnu_arm/4.9_2015q3/bin/../lib/gcc/arm-none-eabi/4.9.3/armv7e-m/fpu\libgcc.a
LOAD c:/siliconlabs/simplicitystudio/v4/developer/toolchains/gnu_arm/4.9_2015q3/bin/../lib/gcc/arm-none-eabi/4.9.3/../../../../arm-none-eabi/lib/armv7e-m/fpu\libg_nano.a
LOAD c:/siliconlabs/simplicitystudio/v4/developer/toolchains/gnu_arm/4.9_2015q3/bin/../lib/gcc/arm-none-eabi/4.9.3/../../../../arm-none-eabi/lib/armv7e-m/fpu\libc_nano.a
END GROUP
START GROUP
LOAD c:/siliconlabs/simplicitystudio/v4/developer/toolchains/gnu_arm/4.9_2015q3/bin/../lib/gcc/arm-none-eabi/4.9.3/armv7e-m/fpu\libgcc.a
LOAD c:/siliconlabs/simplicitystudio/v4/developer/toolchains/gnu_arm/4.9_2015q3/bin/../lib/gcc/arm-none-eabi/4.9.3/../../../../arm-none-eabi/lib/armv7e-m/fpu\libc_nano.a
END GROUP
LOAD c:/siliconlabs/simplicitystudio/v4/developer/toolchains/gnu_arm/4.9_2015q3/bin/../lib/gcc/arm-none-eabi/4.9.3/armv7e-m/fpu/crtend.o
LOAD c:/siliconlabs/simplicitystudio/v4/developer/toolchains/gnu_arm/4.9_2015q3/bin/../lib/gcc/arm-none-eabi/4.9.3/armv7e-m/fpu/crtn.o

.text           0x00000000    0x35cd8
 *(.vectors)
 .vectors       0x00000000       0xe0 ./CMSIS/EFM32WG/startup_efm32wg.o
                0x00000000                __Vectors
                0x000000e0                __Vectors_End = .
                0x000000e0                __Vectors_Size = (__Vectors_End - __Vectors)
                0x000000e0                __end__ = .
 *(.text*)
 .text          0x000000e0       0x5c c:/siliconlabs/simplicitystudio/v4/developer/toolchains/gnu_arm/4.9_2015q3/bin/../lib/gcc/arm-none-eabi/4.9.3/armv7e-m/fpu/crtbegin.o
 .text          0x0000013c       0x74 c:/siliconlabs/simplicitystudio/v4/developer/toolchains/gnu_arm/4.9_2015q3/bin/../lib/gcc/arm-none-eabi/4.9.3/../../../../arm-none-eabi/lib/armv7e-m/fpu/crt0.o
                0x0000013c                _start
                0x0000013c                _mainCRTStartup
 .text.USBD_GetUsbState
                0x000001b0       0x10 ./usb/em_usbd.o
                0x000001b0                USBD_GetUsbState
 .text.USBD_Read
                0x000001c0      0x1a4 ./usb/em_usbd.o
                0x000001c0                USBD_Read
 .text.USBD_SetUsbState
                0x00000364       0x2c ./usb/em_usbd.o
                0x00000364                USBD_SetUsbState
 .text.USBD_Write
                0x00000390      0x19c ./usb/em_usbd.o
                0x00000390                USBD_Write
 .text.USBDCH9_SetupCmd
                0x0000052c      0x92c ./usb/em_usbdch9.o
                0x0000052c                USBDCH9_SetupCmd
 .text.USBDEP_Ep0Handler
                0x00000e58      0x320 ./usb/em_usbdep.o
                0x00000e58                USBDEP_Ep0Handler
 .text.USBDEP_EpHandler
                0x00001178       0x6c ./usb/em_usbdep.o
                0x00001178                USBDEP_EpHandler
 .text.RestoreEpCtrlRegisters
                0x000011e4       0xc0 ./usb/em_usbdint.o
 .text.UsbPowerDown.part.4
                0x000012a4      0x1a4 ./usb/em_usbdint.o
 .text.UsbPowerUp.part.5
                0x00001448      0x100 ./usb/em_usbdint.o
 .text.USB_IRQHandler
                0x00001548      0x638 ./usb/em_usbdint.o
                0x00001548                USB_IRQHandler
 .text.USBDHAL_AbortAllEps
                0x00001b80      0x3ec ./usb/em_usbhal.o
                0x00001b80                USBDHAL_AbortAllEps
 .text.USBDHAL_AbortAllTransfers
                0x00001f6c       0xd0 ./usb/em_usbhal.o
                0x00001f6c                USBDHAL_AbortAllTransfers
 .text.setupGPIO
                0x0000203c      0x334 ./src/audioMoth.o
 .text.transferComplete
                0x00002370       0x44 ./src/audioMoth.o
 .text.AudioMoth_initialise
                0x000023b4      0x1c8 ./src/audioMoth.o
                0x000023b4                AudioMoth_initialise
 .text.GPIO_EVEN_IRQHandler
                0x0000257c       0x14 ./src/audioMoth.o
                0x0000257c                GPIO_EVEN_IRQHandler
 .text.ADC0_IRQHandler
                0x00002590       0x24 ./src/audioMoth.o
                0x00002590                ADC0_IRQHandler
 .text.TIMER1_IRQHandler
                0x000025b4       0x18 ./src/audioMoth.o
                0x000025b4                TIMER1_IRQHandler
 .text.AudioMoth_startMicrophoneSamples
                0x000025cc       0x50 ./src/audioMoth.o
                0x000025cc                AudioMoth_startMicrophoneSamples
 .text.AudioMoth_initialiseDirectMemoryAccess
                0x0000261c       0xc4 ./src/audioMoth.o
                0x0000261c                AudioMoth_initialiseDirectMemoryAccess
 .text.AudioMoth_enableMicrophone
                0x000026e0      0x220 ./src/audioMoth.o
                0x000026e0                AudioMoth_enableMicrophone
 .text.AudioMoth_enableExternalSRAM
                0x00002900      0x1e0 ./src/audioMoth.o
                0x00002900                AudioMoth_enableExternalSRAM
 .text.AudioMoth_delay
                0x00002ae0       0xe8 ./src/audioMoth.o
                0x00002ae0                AudioMoth_delay
 .text.AudioMoth_sleep
                0x00002bc8       0x14 ./src/audioMoth.o
                0x00002bc8                AudioMoth_sleep
 .text.AudioMoth_enableBatteryMonitor
                0x00002bdc       0x18 ./src/audioMoth.o
                0x00002bdc                AudioMoth_enableBatteryMonitor
 .text.AudioMoth_setBatteryMonitorThreshold
                0x00002bf4       0x48 ./src/audioMoth.o
                0x00002bf4                AudioMoth_setBatteryMonitorThreshold
 .text.AudioMoth_disableBatteryMonitor
                0x00002c3c       0x24 ./src/audioMoth.o
                0x00002c3c                AudioMoth_disableBatteryMonitor
 .text.AudioMoth_getBatteryState
                0x00002c60       0x90 ./src/audioMoth.o
                0x00002c60                AudioMoth_getBatteryState
 .text.AudioMoth_getTime
                0x00002cf0       0xa0 ./src/audioMoth.o
                0x00002cf0                AudioMoth_getTime
 .text.get_fattime
                0x00002d90       0xb8 ./src/audioMoth.o
                0x00002d90                get_fattime
 .text.AudioMoth_setRedLED
                0x00002e48        0xc ./src/audioMoth.o
                0x00002e48                AudioMoth_setRedLED
 .text.AudioMoth_setBothLED
                0x00002e54       0x20 ./src/audioMoth.o
                0x00002e54                AudioMoth_setBothLED
 .text.AudioMoth_setGreenLED
                0x00002e74        0xc ./src/audioMoth.o
                0x00002e74                AudioMoth_setGreenLED
 .text.AudioMoth_enableFileSystem
                0x00002e80       0x44 ./src/audioMoth.o
                0x00002e80                AudioMoth_enableFileSystem
 .text.AudioMoth_openFile
                0x00002ec4       0x18 ./src/audioMoth.o
                0x00002ec4                AudioMoth_openFile
 .text.AudioMoth_seekInFile
                0x00002edc       0x18 ./src/audioMoth.o
                0x00002edc                AudioMoth_seekInFile
 .text.AudioMoth_writeToFile
                0x00002ef4       0x2c ./src/audioMoth.o
                0x00002ef4                AudioMoth_writeToFile
 .text.AudioMoth_closeFile
                0x00002f20       0x14 ./src/audioMoth.o
                0x00002f20                AudioMoth_closeFile
 .text.ff_convert
                0x00002f34        0x8 ./src/audioMoth.o
                0x00002f34                ff_convert
 .text.ff_wtoupper
                0x00002f3c       0x18 ./src/audioMoth.o
                0x00002f3c                ff_wtoupper
 .text._write   0x00002f54       0x3c ./src/audioMoth.o
                0x00002f54                _write
 .text.AudioMoth_setupSWOForPrint
                0x00002f90       0xc8 ./src/audioMoth.o
                0x00002f90                AudioMoth_setupSWOForPrint
 .text.disk_initialize
                0x00003058      0x134 ./fatfs/diskio.o
                0x00003058                disk_initialize
 .text.disk_status
                0x0000318c       0x10 ./fatfs/diskio.o
                0x0000318c                disk_status
 .text.disk_read
                0x0000319c       0x9c ./fatfs/diskio.o
                0x0000319c                disk_read
 .text.disk_write
                0x00003238       0xc4 ./fatfs/diskio.o
                0x00003238                disk_write
 .text.disk_ioctl
                0x000032fc      0x21c ./fatfs/diskio.o
                0x000032fc                disk_ioctl
 .text.ACMP_Disable
                0x00003518        0xc ./emlib/em_acmp.o
                0x00003518                ACMP_Disable
 .text.ACMP_ChannelSet
                0x00003524       0x10 ./emlib/em_acmp.o
                0x00003524                ACMP_ChannelSet
 .text.ACMP_Init
                0x00003534       0x64 ./emlib/em_acmp.o
                0x00003534                ACMP_Init
 .text.ADC_Init
                0x00003598       0x74 ./emlib/em_adc.o
                0x00003598                ADC_Init
 .text.ADC_InitSingle
                0x0000360c       0xbc ./emlib/em_adc.o
                0x0000360c                ADC_InitSingle
 .text.ADC_TimebaseCalc
                0x000036c8       0x3c ./emlib/em_adc.o
                0x000036c8                ADC_TimebaseCalc
 .text.BURTC_Init
                0x00003704       0x80 ./emlib/em_burtc.o
                0x00003704                BURTC_Init
 .text.lfClkGet
                0x00003784      0x144 ./emlib/em_cmu.o
 .text.CMU_ClockDivSet
                0x000038c8      0x318 ./emlib/em_cmu.o
                0x000038c8                CMU_ClockDivSet
 .text.CMU_ClockSelectGet
                0x00003be0       0xc8 ./emlib/em_cmu.o
                0x00003be0                CMU_ClockSelectGet
 .text.CMU_ClockFreqGet
                0x00003ca8      0x1b0 ./emlib/em_cmu.o
                0x00003ca8                CMU_ClockFreqGet
 .text.CMU_ClockEnable
                0x00003e58       0xbc ./emlib/em_cmu.o
                0x00003e58                CMU_ClockEnable
 .text.CMU_ClockSelectSet
                0x00003f14      0x330 ./emlib/em_cmu.o
                0x00003f14                CMU_ClockSelectSet
 .text.CMU_OscillatorEnable
                0x00004244       0x74 ./emlib/em_cmu.o
                0x00004244                CMU_OscillatorEnable
 .text.CORE_EnterAtomic
                0x000042b8        0x8 ./emlib/em_core.o
                0x000042b8                CORE_EnterAtomic
 .text.CORE_ExitAtomic
                0x000042c0        0x8 ./emlib/em_core.o
                0x000042c0                CORE_ExitAtomic
 .text.DMA_IRQHandler
                0x000042c8       0x84 ./emlib/em_dma.o
                0x000042c8                DMA_IRQHandler
 .text.DMA_ActivatePingPong
                0x0000434c       0xf8 ./emlib/em_dma.o
                0x0000434c                DMA_ActivatePingPong
 .text.DMA_CfgChannel
                0x00004444       0x54 ./emlib/em_dma.o
                0x00004444                DMA_CfgChannel
 .text.DMA_CfgDescr
                0x00004498       0x3c ./emlib/em_dma.o
                0x00004498                DMA_CfgDescr
 .text.DMA_Init
                0x000044d4       0xd8 ./emlib/em_dma.o
                0x000044d4                DMA_Init
 .text.DMA_RefreshPingPong
                0x000045ac       0x78 ./emlib/em_dma.o
                0x000045ac                DMA_RefreshPingPong
 .text.EBI_Init
                0x00004624      0x72c ./emlib/em_ebi.o
                0x00004624                EBI_Init
 .text.EMU_EM4Init
                0x00004d50       0x2c ./emlib/em_emu.o
                0x00004d50                EMU_EM4Init
 .text.GPIO_ExtIntConfig
                0x00004d7c       0x78 ./emlib/em_gpio.o
                0x00004d7c                GPIO_ExtIntConfig
 .text.GPIO_PinModeSet
                0x00004df4       0x9c ./emlib/em_gpio.o
                0x00004df4                GPIO_PinModeSet
 .text.OPAMP_Enable
                0x00004e90      0x2e4 ./emlib/em_opamp.o
                0x00004e90                OPAMP_Enable
 .text.PRS_SourceSignalSet
                0x00005174       0x1c ./emlib/em_prs.o
                0x00005174                PRS_SourceSignalSet
 .text.RMU_ResetControl
                0x00005190       0x20 ./emlib/em_rmu.o
                0x00005190                RMU_ResetControl
 .text.RMU_ResetCauseClear
                0x000051b0       0x3c ./emlib/em_rmu.o
                0x000051b0                RMU_ResetCauseClear
 .text.RMU_ResetCauseGet
                0x000051ec       0xf4 ./emlib/em_rmu.o
                0x000051ec                RMU_ResetCauseGet
 .text.SYSTEM_GetCalibrationValue
                0x000052e0       0x2c ./emlib/em_system.o
                0x000052e0                SYSTEM_GetCalibrationValue
 .text.TIMER_Init
                0x0000530c       0xb0 ./emlib/em_timer.o
                0x0000530c                TIMER_Init
 .text.TIMER_Reset
                0x000053bc       0x48 ./emlib/em_timer.o
                0x000053bc                TIMER_Reset
 .text.USART_BaudrateSyncSet
                0x00005404       0x24 ./emlib/em_usart.o
                0x00005404                USART_BaudrateSyncSet
 .text.USART_InitSync
                0x00005428       0xc0 ./emlib/em_usart.o
                0x00005428                USART_InitSync
 .text.USART_SpiTransfer
                0x000054e8       0x14 ./emlib/em_usart.o
                0x000054e8                USART_SpiTransfer
 .text.WDOGn_Enable
                0x000054fc       0x2c ./emlib/em_wdog.o
                0x000054fc                WDOGn_Enable
 .text.WDOGn_Feed
                0x00005528       0x18 ./emlib/em_wdog.o
                0x00005528                WDOGn_Feed
 .text.WDOGn_Init
                0x00005540       0x48 ./emlib/em_wdog.o
                0x00005540                WDOGn_Init
 .text.MICROSD_Init
                0x00005588       0x98 ./drivers/microsd.o
                0x00005588                MICROSD_Init
 .text.MICROSD_XferSpi
                0x00005620       0x1c ./drivers/microsd.o
                0x00005620                MICROSD_XferSpi
 .text.MICROSD_Deselect
                0x0000563c       0x24 ./drivers/microsd.o
                0x0000563c                MICROSD_Deselect
 .text.MICROSD_Select
                0x00005660       0x64 ./drivers/microsd.o
                0x00005660                MICROSD_Select
 .text.MICROSD_PowerOn
                0x000056c4        0xc ./drivers/microsd.o
                0x000056c4                MICROSD_PowerOn
 .text.MICROSD_PowerOff
                0x000056d0       0x84 ./drivers/microsd.o
                0x000056d0                MICROSD_PowerOff
 .text.MICROSD_BlockRx
                0x00005754       0xc0 ./drivers/microsd.o
                0x00005754                MICROSD_BlockRx
 .text.MICROSD_BlockTx
                0x00005814      0x10c ./drivers/microsd.o
                0x00005814                MICROSD_BlockTx
 .text.MICROSD_SendCmd
                0x00005920      0x16c ./drivers/microsd.o
                0x00005920                MICROSD_SendCmd
 .text.MICROSD_SpiClkSlow
                0x00005a8c       0x20 ./drivers/microsd.o
                0x00005a8c                MICROSD_SpiClkSlow
 .text.MICROSD_SpiClkFast
                0x00005aac       0x24 ./drivers/microsd.o
                0x00005aac                MICROSD_SpiClkFast
 .text.MICROSD_TimeOutSet
                0x00005ad0       0x18 ./drivers/microsd.o
                0x00005ad0                MICROSD_TimeOutSet
 .text.MICROSD_TimeOutElapsed
                0x00005ae8       0x10 ./drivers/microsd.o
                0x00005ae8                MICROSD_TimeOutElapsed
 .text          0x00005af8       0x30 ./CMSIS/EFM32WG/startup_efm32wg.o
                0x00005af8                Reset_Handler
                0x00005b24                DebugMon_Handler
                0x00005b24                USART0_TX_IRQHandler
                0x00005b24                I2C0_IRQHandler
                0x00005b24                HardFault_Handler
                0x00005b24                LEUART1_IRQHandler
                0x00005b24                SysTick_Handler
                0x00005b24                USART1_RX_IRQHandler
                0x00005b24                PendSV_Handler
                0x00005b24                NMI_Handler
                0x00005b24                I2C1_IRQHandler
                0x00005b24                TIMER3_IRQHandler
                0x00005b24                USART1_TX_IRQHandler
                0x00005b24                MSC_IRQHandler
                0x00005b24                UsageFault_Handler
                0x00005b24                LEUART0_IRQHandler
                0x00005b24                FPUEH_IRQHandler
                0x00005b24                UART0_TX_IRQHandler
                0x00005b24                UART1_TX_IRQHandler
                0x00005b24                RTC_IRQHandler
                0x00005b24                TIMER0_IRQHandler
                0x00005b24                TIMER2_IRQHandler
                0x00005b24                LCD_IRQHandler
                0x00005b24                PCNT2_IRQHandler
                0x00005b24                UART0_RX_IRQHandler
                0x00005b24                LETIMER0_IRQHandler
                0x00005b24                USART2_RX_IRQHandler
                0x00005b24                Default_Handler
                0x00005b24                EMU_IRQHandler
                0x00005b24                PCNT0_IRQHandler
                0x00005b24                BURTC_IRQHandler
                0x00005b24                PCNT1_IRQHandler
                0x00005b24                ACMP0_IRQHandler
                0x00005b24                USART0_RX_IRQHandler
                0x00005b24                MemManage_Handler
                0x00005b24                SVC_Handler
                0x00005b24                DAC0_IRQHandler
                0x00005b24                UART1_RX_IRQHandler
                0x00005b24                CMU_IRQHandler
                0x00005b24                EBI_IRQHandler
                0x00005b24                LESENSE_IRQHandler
                0x00005b24                GPIO_ODD_IRQHandler
                0x00005b24                AES_IRQHandler
                0x00005b24                VCMP_IRQHandler
                0x00005b24                BusFault_Handler
                0x00005b24                USART2_TX_IRQHandler
 .text.SystemCoreClockGet
                0x00005b28       0xdc ./CMSIS/EFM32WG/system_efm32wg.o
                0x00005b28                SystemCoreClockGet
 .text.SystemMaxCoreClockGet
                0x00005c04        0x8 ./CMSIS/EFM32WG/system_efm32wg.o
                0x00005c04                SystemMaxCoreClockGet
 .text.SystemHFClockGet
                0x00005c0c       0xd0 ./CMSIS/EFM32WG/system_efm32wg.o
                0x00005c0c                SystemHFClockGet
 .text.SystemHFXOClockGet
                0x00005cdc        0xc ./CMSIS/EFM32WG/system_efm32wg.o
                0x00005cdc                SystemHFXOClockGet
 .text.SystemInit
                0x00005ce8       0x14 ./CMSIS/EFM32WG/system_efm32wg.o
                0x00005ce8                SystemInit
 .text.SystemLFRCOClockGet
                0x00005cfc        0x8 ./CMSIS/EFM32WG/system_efm32wg.o
                0x00005cfc                SystemLFRCOClockGet
 .text.SystemULFRCOClockGet
                0x00005d04        0x8 ./CMSIS/EFM32WG/system_efm32wg.o
                0x00005d04                SystemULFRCOClockGet
 .text.SystemLFXOClockGet
                0x00005d0c        0xc ./CMSIS/EFM32WG/system_efm32wg.o
                0x00005d0c                SystemLFXOClockGet
 .text.move_window
                0x00005d18       0x7c ./fatfs/audioMoth_ff.o
 .text.sync     0x00005d94      0x10c ./fatfs/audioMoth_ff.o
 .text.put_fat.part.4
                0x00005ea0      0x2c8 ./fatfs/audioMoth_ff.o
 .text.remove_chain.part.6
                0x00006168      0x2f0 ./fatfs/audioMoth_ff.o
 .text.get_fat.part.3
                0x00006458      0x290 ./fatfs/audioMoth_ff.o
 .text.dir_sdi  0x000066e8       0xa8 ./fatfs/audioMoth_ff.o
 .text.create_chain
                0x00006790      0x378 ./fatfs/audioMoth_ff.o
 .text.dir_next.constprop.11
                0x00006b08       0x88 ./fatfs/audioMoth_ff.o
 .text.dir_find.part.5
                0x00006b90      0x33c ./fatfs/audioMoth_ff.o
 .text.follow_path
                0x00006ecc      0x3f4 ./fatfs/audioMoth_ff.o
 .text.gen_numname
                0x000072c0      0x254 ./fatfs/audioMoth_ff.o
                0x000072c0                gen_numname
 .text.dir_register
                0x00007514      0x5fc ./fatfs/audioMoth_ff.o
 .text.f_mount  0x00007b10       0x30 ./fatfs/audioMoth_ff.o
                0x00007b10                f_mount
 .text.f_open   0x00007b40      0x65c ./fatfs/audioMoth_ff.o
                0x00007b40                f_open
 .text.f_write  0x0000819c      0x2d8 ./fatfs/audioMoth_ff.o
                0x0000819c                f_write
 .text.f_close  0x00008474      0x130 ./fatfs/audioMoth_ff.o
                0x00008474                f_close
 .text.f_lseek  0x000085a4      0x18c ./fatfs/audioMoth_ff.o
                0x000085a4                f_lseek
 .text.wave_to_spectrogram
                0x00008730      0x2a8 ./src/predictor.o
                0x00008730                wave_to_spectrogram
 .text.forward_propagate_q7_dnn
                0x000089d8       0xc8 ./src/predictor.o
                0x000089d8                forward_propagate_q7_dnn
 .text.arm_q15_to_float
                0x00008aa0       0xa0 C:\Users\Gregi\gunshot\CMSIS_5-5.4.0\CMSIS\Lib\GCC\libarm_cortexM4lf_math.a(arm_q15_to_float.o)
                0x00008aa0                arm_q15_to_float
 .text.arm_float_to_q7
                0x00008b40      0x148 C:\Users\Gregi\gunshot\CMSIS_5-5.4.0\CMSIS\Lib\GCC\libarm_cortexM4lf_math.a(arm_float_to_q7.o)
                0x00008b40                arm_float_to_q7
 .text.arm_min_f32
                0x00008c88       0xd0 C:\Users\Gregi\gunshot\CMSIS_5-5.4.0\CMSIS\Lib\GCC\libarm_cortexM4lf_math.a(arm_min_f32.o)
                0x00008c88                arm_min_f32
 .text.arm_max_f32
                0x00008d58       0xd0 C:\Users\Gregi\gunshot\CMSIS_5-5.4.0\CMSIS\Lib\GCC\libarm_cortexM4lf_math.a(arm_max_f32.o)
                0x00008d58                arm_max_f32
 .text.arm_rfft_fast_init_f32
                0x00008e28      0x104 C:\Users\Gregi\gunshot\CMSIS_5-5.4.0\CMSIS\Lib\GCC\libarm_cortexM4lf_math.a(arm_rfft_fast_init_f32.o)
                0x00008e28                arm_rfft_fast_init_f32
 .text.arm_rfft_fast_f32
                0x00008f2c      0x188 C:\Users\Gregi\gunshot\CMSIS_5-5.4.0\CMSIS\Lib\GCC\libarm_cortexM4lf_math.a(arm_rfft_fast_f32.o)
                0x00008f2c                arm_rfft_fast_f32
 .text.arm_cfft_radix8by2_f32
                0x000090b4      0x1a0 C:\Users\Gregi\gunshot\CMSIS_5-5.4.0\CMSIS\Lib\GCC\libarm_cortexM4lf_math.a(arm_cfft_f32.o)
                0x000090b4                arm_cfft_radix8by2_f32
 .text.arm_cfft_radix8by4_f32
                0x00009254      0x4bc C:\Users\Gregi\gunshot\CMSIS_5-5.4.0\CMSIS\Lib\GCC\libarm_cortexM4lf_math.a(arm_cfft_f32.o)
                0x00009254                arm_cfft_radix8by4_f32
 .text.arm_cfft_f32
                0x00009710       0xf4 C:\Users\Gregi\gunshot\CMSIS_5-5.4.0\CMSIS\Lib\GCC\libarm_cortexM4lf_math.a(arm_cfft_f32.o)
                0x00009710                arm_cfft_f32
 .text.arm_cmplx_mag_f32
                0x00009804      0x1d0 C:\Users\Gregi\gunshot\CMSIS_5-5.4.0\CMSIS\Lib\GCC\libarm_cortexM4lf_math.a(arm_cmplx_mag_f32.o)
                0x00009804                arm_cmplx_mag_f32
 .text.arm_cos_f32
                0x000099d4       0x80 C:\Users\Gregi\gunshot\CMSIS_5-5.4.0\CMSIS\Lib\GCC\libarm_cortexM4lf_math.a(arm_cos_f32.o)
                0x000099d4                arm_cos_f32
 .text.arm_scale_f32
                0x00009a54       0x6c C:\Users\Gregi\gunshot\CMSIS_5-5.4.0\CMSIS\Lib\GCC\libarm_cortexM4lf_math.a(arm_scale_f32.o)
                0x00009a54                arm_scale_f32
 .text.arm_mult_f32
                0x00009ac0       0x8c C:\Users\Gregi\gunshot\CMSIS_5-5.4.0\CMSIS\Lib\GCC\libarm_cortexM4lf_math.a(arm_mult_f32.o)
                0x00009ac0                arm_mult_f32
 .text          0x00009b4c       0xc0 C:\Users\Gregi\gunshot\CMSIS_5-5.4.0\CMSIS\Lib\GCC\libarm_cortexM4lf_math.a(arm_bitreversal2.o)
                0x00009b4c                arm_bitreversal_32
                0x00009bb6                arm_bitreversal_16
 .text.arm_radix8_butterfly_f32
                0x00009c0c      0x5e4 C:\Users\Gregi\gunshot\CMSIS_5-5.4.0\CMSIS\Lib\GCC\libarm_cortexM4lf_math.a(arm_cfft_radix8_f32.o)
                0x00009c0c                arm_radix8_butterfly_f32
 .text.log      0x0000a1f0      0x10c c:/siliconlabs/simplicitystudio/v4/developer/toolchains/gnu_arm/4.9_2015q3/bin/../lib/gcc/arm-none-eabi/4.9.3/../../../../arm-none-eabi/lib/armv7e-m/fpu\libm.a(lib_a-w_log.o)
                0x0000a1f0                log
 .text.sqrtf    0x0000a2fc       0xb8 c:/siliconlabs/simplicitystudio/v4/developer/toolchains/gnu_arm/4.9_2015q3/bin/../lib/gcc/arm-none-eabi/4.9.3/../../../../arm-none-eabi/lib/armv7e-m/fpu\libm.a(lib_a-wf_sqrt.o)
                0x0000a2fc                sqrtf
 *fill*         0x0000a3b4        0x4 
 .text.__ieee754_log
                0x0000a3b8      0x400 c:/siliconlabs/simplicitystudio/v4/developer/toolchains/gnu_arm/4.9_2015q3/bin/../lib/gcc/arm-none-eabi/4.9.3/../../../../arm-none-eabi/lib/armv7e-m/fpu\libm.a(lib_a-e_log.o)
                0x0000a3b8                __ieee754_log
 .text.__ieee754_sqrtf
                0x0000a7b8       0xa4 c:/siliconlabs/simplicitystudio/v4/developer/toolchains/gnu_arm/4.9_2015q3/bin/../lib/gcc/arm-none-eabi/4.9.3/../../../../arm-none-eabi/lib/armv7e-m/fpu\libm.a(lib_a-ef_sqrt.o)
                0x0000a7b8                __ieee754_sqrtf
 .text.__fpclassifyd
                0x0000a85c       0x5c c:/siliconlabs/simplicitystudio/v4/developer/toolchains/gnu_arm/4.9_2015q3/bin/../lib/gcc/arm-none-eabi/4.9.3/../../../../arm-none-eabi/lib/armv7e-m/fpu\libm.a(lib_a-s_fpclassify.o)
                0x0000a85c                __fpclassifyd
 .text.matherr  0x0000a8b8        0x4 c:/siliconlabs/simplicitystudio/v4/developer/toolchains/gnu_arm/4.9_2015q3/bin/../lib/gcc/arm-none-eabi/4.9.3/../../../../arm-none-eabi/lib/armv7e-m/fpu\libm.a(lib_a-s_matherr.o)
                0x0000a8b8                matherr
 *fill*         0x0000a8bc        0x4 
 .text.nan      0x0000a8c0       0x10 c:/siliconlabs/simplicitystudio/v4/developer/toolchains/gnu_arm/4.9_2015q3/bin/../lib/gcc/arm-none-eabi/4.9.3/../../../../arm-none-eabi/lib/armv7e-m/fpu\libm.a(lib_a-s_nan.o)
                0x0000a8c0                nan
 .text.__fpclassifyf
                0x0000a8d0       0x38 c:/siliconlabs/simplicitystudio/v4/developer/toolchains/gnu_arm/4.9_2015q3/bin/../lib/gcc/arm-none-eabi/4.9.3/../../../../arm-none-eabi/lib/armv7e-m/fpu\libm.a(lib_a-sf_fpclassify.o)
                0x0000a8d0                __fpclassifyf
 .text.setHeaderComment
                0x0000a908      0x1f8 ./src/main2.o
                0x0000a908                setHeaderComment
 .text.makeRecording.constprop.1
                0x0000ab00      0x5b0 ./src/main2.o
 .text.startup.main
                0x0000b0b0       0x78 ./src/main2.o
                0x0000b0b0                main
 .text.AudioMoth_timezoneRequested
                0x0000b128       0x10 ./src/main2.o
                0x0000b128                AudioMoth_timezoneRequested
 .text.AudioMoth_handleSwitchInterrupt
                0x0000b138        0xc ./src/main2.o
                0x0000b138                AudioMoth_handleSwitchInterrupt
 .text.AudioMoth_handleMicrophoneInterrupt
                0x0000b144        0x4 ./src/main2.o
                0x0000b144                AudioMoth_handleMicrophoneInterrupt
 .text.AudioMoth_handleDirectMemoryAccessInterrupt
                0x0000b148      0x140 ./src/main2.o
                0x0000b148                AudioMoth_handleDirectMemoryAccessInterrupt
 .text.arm_fully_connected_q7
                0x0000b288       0x6c ./NN/arm_fully_connected_q7.o
                0x0000b288                arm_fully_connected_q7
 .text.arm_relu_q7
                0x0000b2f4       0x1c ./NN/arm_relu_q7.o
                0x0000b2f4                arm_relu_q7
 .text          0x0000b310      0x370 c:/siliconlabs/simplicitystudio/v4/developer/toolchains/gnu_arm/4.9_2015q3/bin/../lib/gcc/arm-none-eabi/4.9.3/armv7e-m/fpu\libgcc.a(_arm_addsubdf3.o)
                0x0000b310                __aeabi_drsub
                0x0000b318                __aeabi_dsub
                0x0000b318                __subdf3
                0x0000b31c                __aeabi_dadd
                0x0000b31c                __adddf3
                0x0000b594                __floatunsidf
                0x0000b594                __aeabi_ui2d
                0x0000b5b4                __floatsidf
                0x0000b5b4                __aeabi_i2d
                0x0000b5d8                __aeabi_f2d
                0x0000b5d8                __extendsfdf2
                0x0000b614                __floatundidf
                0x0000b614                __aeabi_ul2d
                0x0000b624                __floatdidf
                0x0000b624                __aeabi_l2d
 .text          0x0000b680      0x424 c:/siliconlabs/simplicitystudio/v4/developer/toolchains/gnu_arm/4.9_2015q3/bin/../lib/gcc/arm-none-eabi/4.9.3/armv7e-m/fpu\libgcc.a(_arm_muldivdf3.o)
                0x0000b680                __aeabi_dmul
                0x0000b680                __muldf3
                0x0000b8d4                __divdf3
                0x0000b8d4                __aeabi_ddiv
 .text          0x0000baa4      0x110 c:/siliconlabs/simplicitystudio/v4/developer/toolchains/gnu_arm/4.9_2015q3/bin/../lib/gcc/arm-none-eabi/4.9.3/armv7e-m/fpu\libgcc.a(_arm_cmpdf2.o)
                0x0000baa4                __gtdf2
                0x0000baa4                __gedf2
                0x0000baac                __ltdf2
                0x0000baac                __ledf2
                0x0000bab4                __nedf2
                0x0000bab4                __eqdf2
                0x0000bab4                __cmpdf2
                0x0000bb30                __aeabi_cdrcmple
                0x0000bb40                __aeabi_cdcmpeq
                0x0000bb40                __aeabi_cdcmple
                0x0000bb50                __aeabi_dcmpeq
                0x0000bb64                __aeabi_dcmplt
                0x0000bb78                __aeabi_dcmple
                0x0000bb8c                __aeabi_dcmpge
                0x0000bba0                __aeabi_dcmpgt
 .text          0x0000bbb4       0xa0 c:/siliconlabs/simplicitystudio/v4/developer/toolchains/gnu_arm/4.9_2015q3/bin/../lib/gcc/arm-none-eabi/4.9.3/armv7e-m/fpu\libgcc.a(_arm_truncdfsf2.o)
                0x0000bbb4                __truncdfsf2
                0x0000bbb4                __aeabi_d2f
 .text.__errno  0x0000bc54        0xc c:/siliconlabs/simplicitystudio/v4/developer/toolchains/gnu_arm/4.9_2015q3/bin/../lib/gcc/arm-none-eabi/4.9.3/../../../../arm-none-eabi/lib/armv7e-m/fpu\libc_nano.a(lib_a-errno.o)
                0x0000bc54                __errno
 .text.exit     0x0000bc60       0x28 c:/siliconlabs/simplicitystudio/v4/developer/toolchains/gnu_arm/4.9_2015q3/bin/../lib/gcc/arm-none-eabi/4.9.3/../../../../arm-none-eabi/lib/armv7e-m/fpu\libc_nano.a(lib_a-exit.o)
                0x0000bc60                exit
 .text.gmtime   0x0000bc88       0x24 c:/siliconlabs/simplicitystudio/v4/developer/toolchains/gnu_arm/4.9_2015q3/bin/../lib/gcc/arm-none-eabi/4.9.3/../../../../arm-none-eabi/lib/armv7e-m/fpu\libc_nano.a(lib_a-gmtime.o)
                0x0000bc88                gmtime
 .text.gmtime_r
                0x0000bcac      0x12c c:/siliconlabs/simplicitystudio/v4/developer/toolchains/gnu_arm/4.9_2015q3/bin/../lib/gcc/arm-none-eabi/4.9.3/../../../../arm-none-eabi/lib/armv7e-m/fpu\libc_nano.a(lib_a-gmtime_r.o)
                0x0000bcac                gmtime_r
 .text.__libc_init_array
                0x0000bdd8       0x4c c:/siliconlabs/simplicitystudio/v4/developer/toolchains/gnu_arm/4.9_2015q3/bin/../lib/gcc/arm-none-eabi/4.9.3/../../../../arm-none-eabi/lib/armv7e-m/fpu\libc_nano.a(lib_a-init.o)
                0x0000bdd8                __libc_init_array
 .text.malloc   0x0000be24       0x10 c:/siliconlabs/simplicitystudio/v4/developer/toolchains/gnu_arm/4.9_2015q3/bin/../lib/gcc/arm-none-eabi/4.9.3/../../../../arm-none-eabi/lib/armv7e-m/fpu\libc_nano.a(lib_a-malloc.o)
                0x0000be24                malloc
 .text.memcpy   0x0000be34       0x16 c:/siliconlabs/simplicitystudio/v4/developer/toolchains/gnu_arm/4.9_2015q3/bin/../lib/gcc/arm-none-eabi/4.9.3/../../../../arm-none-eabi/lib/armv7e-m/fpu\libc_nano.a(lib_a-memcpy.o)
                0x0000be34                memcpy
 .text.memset   0x0000be4a       0x10 c:/siliconlabs/simplicitystudio/v4/developer/toolchains/gnu_arm/4.9_2015q3/bin/../lib/gcc/arm-none-eabi/4.9.3/../../../../arm-none-eabi/lib/armv7e-m/fpu\libc_nano.a(lib_a-memset.o)
                0x0000be4a                memset
 *fill*         0x0000be5a        0x2 
 .text._free_r  0x0000be5c       0x88 c:/siliconlabs/simplicitystudio/v4/developer/toolchains/gnu_arm/4.9_2015q3/bin/../lib/gcc/arm-none-eabi/4.9.3/../../../../arm-none-eabi/lib/armv7e-m/fpu\libc_nano.a(lib_a-nano-freer.o)
                0x0000be5c                _free_r
 .text._malloc_r
                0x0000bee4       0xac c:/siliconlabs/simplicitystudio/v4/developer/toolchains/gnu_arm/4.9_2015q3/bin/../lib/gcc/arm-none-eabi/4.9.3/../../../../arm-none-eabi/lib/armv7e-m/fpu\libc_nano.a(lib_a-nano-mallocr.o)
                0x0000bee4                _malloc_r
 .text.printf   0x0000bf90       0x30 c:/siliconlabs/simplicitystudio/v4/developer/toolchains/gnu_arm/4.9_2015q3/bin/../lib/gcc/arm-none-eabi/4.9.3/../../../../arm-none-eabi/lib/armv7e-m/fpu\libc_nano.a(lib_a-printf.o)
                0x0000bf90                iprintf
                0x0000bf90                printf
 .text._sbrk_r  0x0000bfc0       0x20 c:/siliconlabs/simplicitystudio/v4/developer/toolchains/gnu_arm/4.9_2015q3/bin/../lib/gcc/arm-none-eabi/4.9.3/../../../../arm-none-eabi/lib/armv7e-m/fpu\libc_nano.a(lib_a-sbrkr.o)
                0x0000bfc0                _sbrk_r
 .text.sprintf  0x0000bfe0       0x48 c:/siliconlabs/simplicitystudio/v4/developer/toolchains/gnu_arm/4.9_2015q3/bin/../lib/gcc/arm-none-eabi/4.9.3/../../../../arm-none-eabi/lib/armv7e-m/fpu\libc_nano.a(lib_a-sprintf.o)
                0x0000bfe0                siprintf
                0x0000bfe0                sprintf
 .text.__swbuf_r
                0x0000c028       0xa8 c:/siliconlabs/simplicitystudio/v4/developer/toolchains/gnu_arm/4.9_2015q3/bin/../lib/gcc/arm-none-eabi/4.9.3/../../../../arm-none-eabi/lib/armv7e-m/fpu\libc_nano.a(lib_a-wbuf.o)
                0x0000c028                __swbuf_r
 .text.__swsetup_r
                0x0000c0d0       0xd8 c:/siliconlabs/simplicitystudio/v4/developer/toolchains/gnu_arm/4.9_2015q3/bin/../lib/gcc/arm-none-eabi/4.9.3/../../../../arm-none-eabi/lib/armv7e-m/fpu\libc_nano.a(lib_a-wsetup.o)
                0x0000c0d0                __swsetup_r
 .text.__sflush_r
                0x0000c1a8      0x108 c:/siliconlabs/simplicitystudio/v4/developer/toolchains/gnu_arm/4.9_2015q3/bin/../lib/gcc/arm-none-eabi/4.9.3/../../../../arm-none-eabi/lib/armv7e-m/fpu\libc_nano.a(lib_a-fflush.o)
                0x0000c1a8                __sflush_r
 .text._fflush_r
                0x0000c2b0       0x54 c:/siliconlabs/simplicitystudio/v4/developer/toolchains/gnu_arm/4.9_2015q3/bin/../lib/gcc/arm-none-eabi/4.9.3/../../../../arm-none-eabi/lib/armv7e-m/fpu\libc_nano.a(lib_a-fflush.o)
                0x0000c2b0                _fflush_r
 .text._cleanup_r
                0x0000c304        0xc c:/siliconlabs/simplicitystudio/v4/developer/toolchains/gnu_arm/4.9_2015q3/bin/../lib/gcc/arm-none-eabi/4.9.3/../../../../arm-none-eabi/lib/armv7e-m/fpu\libc_nano.a(lib_a-findfp.o)
                0x0000c304                _cleanup_r
 .text.std.isra.0
                0x0000c310       0x48 c:/siliconlabs/simplicitystudio/v4/developer/toolchains/gnu_arm/4.9_2015q3/bin/../lib/gcc/arm-none-eabi/4.9.3/../../../../arm-none-eabi/lib/armv7e-m/fpu\libc_nano.a(lib_a-findfp.o)
 .text.__sfmoreglue
                0x0000c358       0x2c c:/siliconlabs/simplicitystudio/v4/developer/toolchains/gnu_arm/4.9_2015q3/bin/../lib/gcc/arm-none-eabi/4.9.3/../../../../arm-none-eabi/lib/armv7e-m/fpu\libc_nano.a(lib_a-findfp.o)
                0x0000c358                __sfmoreglue
 .text.__sinit  0x0000c384       0x60 c:/siliconlabs/simplicitystudio/v4/developer/toolchains/gnu_arm/4.9_2015q3/bin/../lib/gcc/arm-none-eabi/4.9.3/../../../../arm-none-eabi/lib/armv7e-m/fpu\libc_nano.a(lib_a-findfp.o)
                0x0000c384                __sinit
 .text.__sfp    0x0000c3e4       0x74 c:/siliconlabs/simplicitystudio/v4/developer/toolchains/gnu_arm/4.9_2015q3/bin/../lib/gcc/arm-none-eabi/4.9.3/../../../../arm-none-eabi/lib/armv7e-m/fpu\libc_nano.a(lib_a-findfp.o)
                0x0000c3e4                __sfp
 .text._fwalk_reent
                0x0000c458       0x3c c:/siliconlabs/simplicitystudio/v4/developer/toolchains/gnu_arm/4.9_2015q3/bin/../lib/gcc/arm-none-eabi/4.9.3/../../../../arm-none-eabi/lib/armv7e-m/fpu\libc_nano.a(lib_a-fwalk.o)
                0x0000c458                _fwalk_reent
 .text.__smakebuf_r
                0x0000c494       0x9c c:/siliconlabs/simplicitystudio/v4/developer/toolchains/gnu_arm/4.9_2015q3/bin/../lib/gcc/arm-none-eabi/4.9.3/../../../../arm-none-eabi/lib/armv7e-m/fpu\libc_nano.a(lib_a-makebuf.o)
                0x0000c494                __smakebuf_r
 .text.__ssputs_r
                0x0000c530       0xb2 c:/siliconlabs/simplicitystudio/v4/developer/toolchains/gnu_arm/4.9_2015q3/bin/../lib/gcc/arm-none-eabi/4.9.3/../../../../arm-none-eabi/lib/armv7e-m/fpu\libc_nano.a(lib_a-nano-svfprintf.o)
                0x0000c530                __ssputs_r
 *fill*         0x0000c5e2        0x2 
 .text._svfprintf_r
                0x0000c5e4      0x1e4 c:/siliconlabs/simplicitystudio/v4/developer/toolchains/gnu_arm/4.9_2015q3/bin/../lib/gcc/arm-none-eabi/4.9.3/../../../../arm-none-eabi/lib/armv7e-m/fpu\libc_nano.a(lib_a-nano-svfprintf.o)
                0x0000c5e4                _svfiprintf_r
                0x0000c5e4                _svfprintf_r
 .text.__sfputc_r
                0x0000c7c8       0x2c c:/siliconlabs/simplicitystudio/v4/developer/toolchains/gnu_arm/4.9_2015q3/bin/../lib/gcc/arm-none-eabi/4.9.3/../../../../arm-none-eabi/lib/armv7e-m/fpu\libc_nano.a(lib_a-nano-vfprintf.o)
 .text.__sfputs_r
                0x0000c7f4       0x24 c:/siliconlabs/simplicitystudio/v4/developer/toolchains/gnu_arm/4.9_2015q3/bin/../lib/gcc/arm-none-eabi/4.9.3/../../../../arm-none-eabi/lib/armv7e-m/fpu\libc_nano.a(lib_a-nano-vfprintf.o)
                0x0000c7f4                __sfputs_r
 .text._vfprintf_r
                0x0000c818      0x210 c:/siliconlabs/simplicitystudio/v4/developer/toolchains/gnu_arm/4.9_2015q3/bin/../lib/gcc/arm-none-eabi/4.9.3/../../../../arm-none-eabi/lib/armv7e-m/fpu\libc_nano.a(lib_a-nano-vfprintf.o)
                0x0000c818                _vfprintf_r
                0x0000c818                _vfiprintf_r
 .text._printf_common
                0x0000ca28       0xea c:/siliconlabs/simplicitystudio/v4/developer/toolchains/gnu_arm/4.9_2015q3/bin/../lib/gcc/arm-none-eabi/4.9.3/../../../../arm-none-eabi/lib/armv7e-m/fpu\libc_nano.a(lib_a-nano-vfprintf_i.o)
                0x0000ca28                _printf_common
 *fill*         0x0000cb12        0x2 
 .text._printf_i
                0x0000cb14      0x240 c:/siliconlabs/simplicitystudio/v4/developer/toolchains/gnu_arm/4.9_2015q3/bin/../lib/gcc/arm-none-eabi/4.9.3/../../../../arm-none-eabi/lib/armv7e-m/fpu\libc_nano.a(lib_a-nano-vfprintf_i.o)
                0x0000cb14                _printf_i
 .text.__sread  0x0000cd54       0x22 c:/siliconlabs/simplicitystudio/v4/developer/toolchains/gnu_arm/4.9_2015q3/bin/../lib/gcc/arm-none-eabi/4.9.3/../../../../arm-none-eabi/lib/armv7e-m/fpu\libc_nano.a(lib_a-stdio.o)
                0x0000cd54                __sread
 .text.__swrite
                0x0000cd76       0x38 c:/siliconlabs/simplicitystudio/v4/developer/toolchains/gnu_arm/4.9_2015q3/bin/../lib/gcc/arm-none-eabi/4.9.3/../../../../arm-none-eabi/lib/armv7e-m/fpu\libc_nano.a(lib_a-stdio.o)
                0x0000cd76                __swrite
 .text.__sseek  0x0000cdae       0x24 c:/siliconlabs/simplicitystudio/v4/developer/toolchains/gnu_arm/4.9_2015q3/bin/../lib/gcc/arm-none-eabi/4.9.3/../../../../arm-none-eabi/lib/armv7e-m/fpu\libc_nano.a(lib_a-stdio.o)
                0x0000cdae                __sseek
 .text.__sclose
                0x0000cdd2        0x8 c:/siliconlabs/simplicitystudio/v4/developer/toolchains/gnu_arm/4.9_2015q3/bin/../lib/gcc/arm-none-eabi/4.9.3/../../../../arm-none-eabi/lib/armv7e-m/fpu\libc_nano.a(lib_a-stdio.o)
                0x0000cdd2                __sclose
 *fill*         0x0000cdda        0x2 
 .text._write_r
                0x0000cddc       0x24 c:/siliconlabs/simplicitystudio/v4/developer/toolchains/gnu_arm/4.9_2015q3/bin/../lib/gcc/arm-none-eabi/4.9.3/../../../../arm-none-eabi/lib/armv7e-m/fpu\libc_nano.a(lib_a-writer.o)
                0x0000cddc                _write_r
 .text._close_r
                0x0000ce00       0x20 c:/siliconlabs/simplicitystudio/v4/developer/toolchains/gnu_arm/4.9_2015q3/bin/../lib/gcc/arm-none-eabi/4.9.3/../../../../arm-none-eabi/lib/armv7e-m/fpu\libc_nano.a(lib_a-closer.o)
                0x0000ce00                _close_r
 .text._fstat_r
                0x0000ce20       0x24 c:/siliconlabs/simplicitystudio/v4/developer/toolchains/gnu_arm/4.9_2015q3/bin/../lib/gcc/arm-none-eabi/4.9.3/../../../../arm-none-eabi/lib/armv7e-m/fpu\libc_nano.a(lib_a-fstatr.o)
                0x0000ce20                _fstat_r
 .text._isatty_r
                0x0000ce44       0x20 c:/siliconlabs/simplicitystudio/v4/developer/toolchains/gnu_arm/4.9_2015q3/bin/../lib/gcc/arm-none-eabi/4.9.3/../../../../arm-none-eabi/lib/armv7e-m/fpu\libc_nano.a(lib_a-isattyr.o)
                0x0000ce44                _isatty_r
 .text._lseek_r
                0x0000ce64       0x24 c:/siliconlabs/simplicitystudio/v4/developer/toolchains/gnu_arm/4.9_2015q3/bin/../lib/gcc/arm-none-eabi/4.9.3/../../../../arm-none-eabi/lib/armv7e-m/fpu\libc_nano.a(lib_a-lseekr.o)
                0x0000ce64                _lseek_r
 .text.memchr   0x0000ce88       0x1e c:/siliconlabs/simplicitystudio/v4/developer/toolchains/gnu_arm/4.9_2015q3/bin/../lib/gcc/arm-none-eabi/4.9.3/../../../../arm-none-eabi/lib/armv7e-m/fpu\libc_nano.a(lib_a-memchr.o)
                0x0000ce88                memchr
 .text.memmove  0x0000cea6       0x36 c:/siliconlabs/simplicitystudio/v4/developer/toolchains/gnu_arm/4.9_2015q3/bin/../lib/gcc/arm-none-eabi/4.9.3/../../../../arm-none-eabi/lib/armv7e-m/fpu\libc_nano.a(lib_a-memmove.o)
                0x0000cea6                memmove
 .text._realloc_r
                0x0000cedc       0x4c c:/siliconlabs/simplicitystudio/v4/developer/toolchains/gnu_arm/4.9_2015q3/bin/../lib/gcc/arm-none-eabi/4.9.3/../../../../arm-none-eabi/lib/armv7e-m/fpu\libc_nano.a(lib_a-nano-reallocr.o)
                0x0000cedc                _realloc_r
 .text._read_r  0x0000cf28       0x24 c:/siliconlabs/simplicitystudio/v4/developer/toolchains/gnu_arm/4.9_2015q3/bin/../lib/gcc/arm-none-eabi/4.9.3/../../../../arm-none-eabi/lib/armv7e-m/fpu\libc_nano.a(lib_a-readr.o)
                0x0000cf28                _read_r
 .text._malloc_usable_size_r
                0x0000cf4c       0x14 c:/siliconlabs/simplicitystudio/v4/developer/toolchains/gnu_arm/4.9_2015q3/bin/../lib/gcc/arm-none-eabi/4.9.3/../../../../arm-none-eabi/lib/armv7e-m/fpu\libc_nano.a(lib_a-nano-msizer.o)
                0x0000cf4c                _malloc_usable_size_r
 .text._close   0x0000cf60       0x10 c:/siliconlabs/simplicitystudio/v4/developer/toolchains/gnu_arm/4.9_2015q3/bin/../lib/gcc/arm-none-eabi/4.9.3/../../../../arm-none-eabi/lib/armv7e-m/fpu\libnosys.a(close.o)
                0x0000cf60                _close
 .text._fstat   0x0000cf70       0x10 c:/siliconlabs/simplicitystudio/v4/developer/toolchains/gnu_arm/4.9_2015q3/bin/../lib/gcc/arm-none-eabi/4.9.3/../../../../arm-none-eabi/lib/armv7e-m/fpu\libnosys.a(fstat.o)
                0x0000cf70                _fstat
 .text._isatty  0x0000cf80       0x10 c:/siliconlabs/simplicitystudio/v4/developer/toolchains/gnu_arm/4.9_2015q3/bin/../lib/gcc/arm-none-eabi/4.9.3/../../../../arm-none-eabi/lib/armv7e-m/fpu\libnosys.a(isatty.o)
                0x0000cf80                _isatty
 .text._lseek   0x0000cf90       0x10 c:/siliconlabs/simplicitystudio/v4/developer/toolchains/gnu_arm/4.9_2015q3/bin/../lib/gcc/arm-none-eabi/4.9.3/../../../../arm-none-eabi/lib/armv7e-m/fpu\libnosys.a(lseek.o)
                0x0000cf90                _lseek
 .text._read    0x0000cfa0       0x10 c:/siliconlabs/simplicitystudio/v4/developer/toolchains/gnu_arm/4.9_2015q3/bin/../lib/gcc/arm-none-eabi/4.9.3/../../../../arm-none-eabi/lib/armv7e-m/fpu\libnosys.a(read.o)
                0x0000cfa0                _read
 .text._sbrk    0x0000cfb0       0x1c c:/siliconlabs/simplicitystudio/v4/developer/toolchains/gnu_arm/4.9_2015q3/bin/../lib/gcc/arm-none-eabi/4.9.3/../../../../arm-none-eabi/lib/armv7e-m/fpu\libnosys.a(sbrk.o)
                0x0000cfb0                _sbrk
 .text._exit    0x0000cfcc        0x4 c:/siliconlabs/simplicitystudio/v4/developer/toolchains/gnu_arm/4.9_2015q3/bin/../lib/gcc/arm-none-eabi/4.9.3/../../../../arm-none-eabi/lib/armv7e-m/fpu\libnosys.a(_exit.o)
                0x0000cfcc                _exit
 *(.init)
 .init          0x0000cfd0        0x4 c:/siliconlabs/simplicitystudio/v4/developer/toolchains/gnu_arm/4.9_2015q3/bin/../lib/gcc/arm-none-eabi/4.9.3/armv7e-m/fpu/crti.o
                0x0000cfd0                _init
 .init          0x0000cfd4        0x8 c:/siliconlabs/simplicitystudio/v4/developer/toolchains/gnu_arm/4.9_2015q3/bin/../lib/gcc/arm-none-eabi/4.9.3/armv7e-m/fpu/crtn.o
 *(.fini)
 .fini          0x0000cfdc        0x4 c:/siliconlabs/simplicitystudio/v4/developer/toolchains/gnu_arm/4.9_2015q3/bin/../lib/gcc/arm-none-eabi/4.9.3/armv7e-m/fpu/crti.o
                0x0000cfdc                _fini
 .fini          0x0000cfe0        0x8 c:/siliconlabs/simplicitystudio/v4/developer/toolchains/gnu_arm/4.9_2015q3/bin/../lib/gcc/arm-none-eabi/4.9.3/armv7e-m/fpu/crtn.o
 *crtbegin.o(.ctors)
 *crtbegin?.o(.ctors)
 *(EXCLUDE_FILE(*crtend.o *crtend?.o) .ctors)
 *(SORT(.ctors.*))
 *(.ctors)
 *crtbegin.o(.dtors)
 *crtbegin?.o(.dtors)
 *(EXCLUDE_FILE(*crtend.o *crtend?.o) .dtors)
 *(SORT(.dtors.*))
 *(.dtors)
 *(.rodata*)
 .rodata        0x0000cfe8       0x90 ./src/audioMoth.o
 .rodata        0x0000d078       0x18 ./drivers/microsd.o
 .rodata.str1.4
                0x0000d090       0x48 ./fatfs/audioMoth_ff.o
 .rodata.LfnOfs
                0x0000d0d8        0xd ./fatfs/audioMoth_ff.o
 *fill*         0x0000d0e5        0x3 
 .rodata.str1.4
                0x0000d0e8      0x138 ./src/predictor.o
 .rodata.twiddleCoef_2048
                0x0000d220     0x4000 C:\Users\Gregi\gunshot\CMSIS_5-5.4.0\CMSIS\Lib\GCC\libarm_cortexM4lf_math.a(arm_common_tables.o)
                0x0000d220                twiddleCoef_2048
 .rodata.twiddleCoef_rfft_64
                0x00011220      0x100 C:\Users\Gregi\gunshot\CMSIS_5-5.4.0\CMSIS\Lib\GCC\libarm_cortexM4lf_math.a(arm_common_tables.o)
                0x00011220                twiddleCoef_rfft_64
 .rodata.armBitRevIndexTable64
                0x00011320       0x70 C:\Users\Gregi\gunshot\CMSIS_5-5.4.0\CMSIS\Lib\GCC\libarm_cortexM4lf_math.a(arm_common_tables.o)
                0x00011320                armBitRevIndexTable64
 .rodata.twiddleCoef_rfft_2048
                0x00011390     0x2000 C:\Users\Gregi\gunshot\CMSIS_5-5.4.0\CMSIS\Lib\GCC\libarm_cortexM4lf_math.a(arm_common_tables.o)
                0x00011390                twiddleCoef_rfft_2048
 .rodata.twiddleCoef_rfft_4096
                0x00013390     0x4000 C:\Users\Gregi\gunshot\CMSIS_5-5.4.0\CMSIS\Lib\GCC\libarm_cortexM4lf_math.a(arm_common_tables.o)
                0x00013390                twiddleCoef_rfft_4096
 .rodata.twiddleCoef_256
                0x00017390      0x800 C:\Users\Gregi\gunshot\CMSIS_5-5.4.0\CMSIS\Lib\GCC\libarm_cortexM4lf_math.a(arm_common_tables.o)
                0x00017390                twiddleCoef_256
 .rodata.twiddleCoef_16
                0x00017b90       0x80 C:\Users\Gregi\gunshot\CMSIS_5-5.4.0\CMSIS\Lib\GCC\libarm_cortexM4lf_math.a(arm_common_tables.o)
                0x00017b90                twiddleCoef_16
 .rodata.twiddleCoef_1024
                0x00017c10     0x2000 C:\Users\Gregi\gunshot\CMSIS_5-5.4.0\CMSIS\Lib\GCC\libarm_cortexM4lf_math.a(arm_common_tables.o)
                0x00017c10                twiddleCoef_1024
 .rodata.twiddleCoef_32
                0x00019c10      0x100 C:\Users\Gregi\gunshot\CMSIS_5-5.4.0\CMSIS\Lib\GCC\libarm_cortexM4lf_math.a(arm_common_tables.o)
                0x00019c10                twiddleCoef_32
 .rodata.armBitRevIndexTable1024
                0x00019d10      0xe10 C:\Users\Gregi\gunshot\CMSIS_5-5.4.0\CMSIS\Lib\GCC\libarm_cortexM4lf_math.a(arm_common_tables.o)
                0x00019d10                armBitRevIndexTable1024
 .rodata.armBitRevIndexTable16
                0x0001ab20       0x28 C:\Users\Gregi\gunshot\CMSIS_5-5.4.0\CMSIS\Lib\GCC\libarm_cortexM4lf_math.a(arm_common_tables.o)
                0x0001ab20                armBitRevIndexTable16
 .rodata.twiddleCoef_rfft_32
                0x0001ab48       0x80 C:\Users\Gregi\gunshot\CMSIS_5-5.4.0\CMSIS\Lib\GCC\libarm_cortexM4lf_math.a(arm_common_tables.o)
                0x0001ab48                twiddleCoef_rfft_32
 .rodata.armBitRevIndexTable32
                0x0001abc8       0x60 C:\Users\Gregi\gunshot\CMSIS_5-5.4.0\CMSIS\Lib\GCC\libarm_cortexM4lf_math.a(arm_common_tables.o)
                0x0001abc8                armBitRevIndexTable32
 .rodata.sinTable_f32
                0x0001ac28      0x804 C:\Users\Gregi\gunshot\CMSIS_5-5.4.0\CMSIS\Lib\GCC\libarm_cortexM4lf_math.a(arm_common_tables.o)
                0x0001ac28                sinTable_f32
 .rodata.twiddleCoef_128
                0x0001b42c      0x400 C:\Users\Gregi\gunshot\CMSIS_5-5.4.0\CMSIS\Lib\GCC\libarm_cortexM4lf_math.a(arm_common_tables.o)
                0x0001b42c                twiddleCoef_128
 .rodata.twiddleCoef_512
                0x0001b82c     0x1000 C:\Users\Gregi\gunshot\CMSIS_5-5.4.0\CMSIS\Lib\GCC\libarm_cortexM4lf_math.a(arm_common_tables.o)
                0x0001b82c                twiddleCoef_512
 .rodata.armBitRevIndexTable2048
                0x0001c82c     0x1dc0 C:\Users\Gregi\gunshot\CMSIS_5-5.4.0\CMSIS\Lib\GCC\libarm_cortexM4lf_math.a(arm_common_tables.o)
                0x0001c82c                armBitRevIndexTable2048
 .rodata.twiddleCoef_64
                0x0001e5ec      0x200 C:\Users\Gregi\gunshot\CMSIS_5-5.4.0\CMSIS\Lib\GCC\libarm_cortexM4lf_math.a(arm_common_tables.o)
                0x0001e5ec                twiddleCoef_64
 .rodata.twiddleCoef_rfft_512
                0x0001e7ec      0x800 C:\Users\Gregi\gunshot\CMSIS_5-5.4.0\CMSIS\Lib\GCC\libarm_cortexM4lf_math.a(arm_common_tables.o)
                0x0001e7ec                twiddleCoef_rfft_512
 .rodata.armBitRevIndexTable512
                0x0001efec      0x380 C:\Users\Gregi\gunshot\CMSIS_5-5.4.0\CMSIS\Lib\GCC\libarm_cortexM4lf_math.a(arm_common_tables.o)
                0x0001efec                armBitRevIndexTable512
 .rodata.twiddleCoef_rfft_1024
                0x0001f36c     0x1000 C:\Users\Gregi\gunshot\CMSIS_5-5.4.0\CMSIS\Lib\GCC\libarm_cortexM4lf_math.a(arm_common_tables.o)
                0x0001f36c                twiddleCoef_rfft_1024
 .rodata.twiddleCoef_rfft_256
                0x0002036c      0x400 C:\Users\Gregi\gunshot\CMSIS_5-5.4.0\CMSIS\Lib\GCC\libarm_cortexM4lf_math.a(arm_common_tables.o)
                0x0002036c                twiddleCoef_rfft_256
 .rodata.armBitRevIndexTable256
                0x0002076c      0x370 C:\Users\Gregi\gunshot\CMSIS_5-5.4.0\CMSIS\Lib\GCC\libarm_cortexM4lf_math.a(arm_common_tables.o)
                0x0002076c                armBitRevIndexTable256
 .rodata.twiddleCoef_rfft_128
                0x00020adc      0x200 C:\Users\Gregi\gunshot\CMSIS_5-5.4.0\CMSIS\Lib\GCC\libarm_cortexM4lf_math.a(arm_common_tables.o)
                0x00020adc                twiddleCoef_rfft_128
 .rodata.armBitRevIndexTable128
                0x00020cdc      0x1a0 C:\Users\Gregi\gunshot\CMSIS_5-5.4.0\CMSIS\Lib\GCC\libarm_cortexM4lf_math.a(arm_common_tables.o)
                0x00020cdc                armBitRevIndexTable128
 .rodata.str1.4
                0x00020e7c        0x4 c:/siliconlabs/simplicitystudio/v4/developer/toolchains/gnu_arm/4.9_2015q3/bin/../lib/gcc/arm-none-eabi/4.9.3/../../../../arm-none-eabi/lib/armv7e-m/fpu\libm.a(lib_a-w_log.o)
                                  0x5 (size before relaxing)
 .rodata.str1.4
                0x00020e80        0x6 c:/siliconlabs/simplicitystudio/v4/developer/toolchains/gnu_arm/4.9_2015q3/bin/../lib/gcc/arm-none-eabi/4.9.3/../../../../arm-none-eabi/lib/armv7e-m/fpu\libm.a(lib_a-wf_sqrt.o)
 *fill*         0x00020e86        0x2 
 .rodata.dense4_bias
                0x00020e88        0x1 ./src/main2.o
 *fill*         0x00020e89        0x3 
 .rodata.dense2_wt
                0x00020e8c     0x1000 ./src/main2.o
 .rodata.dense4_wt
                0x00021e8c       0x40 ./src/main2.o
 .rodata.str1.4
                0x00021ecc      0x16c ./src/main2.o
                                0x16a (size before relaxing)
 .rodata.dense1_bias
                0x00022038       0x40 ./src/main2.o
 .rodata.dense3_bias
                0x00022078       0x40 ./src/main2.o
 .rodata.dense1_wt
                0x000220b8    0x12b40 ./src/main2.o
 .rodata.dense3_wt
                0x00034bf8     0x1000 ./src/main2.o
 .rodata.dense2_bias
                0x00035bf8       0x40 ./src/main2.o
 .rodata.str1.1
                0x00035c38        0x2 c:/siliconlabs/simplicitystudio/v4/developer/toolchains/gnu_arm/4.9_2015q3/bin/../lib/gcc/arm-none-eabi/4.9.3/../../../../arm-none-eabi/lib/armv7e-m/fpu\libc_nano.a(lib_a-impure.o)
 *fill*         0x00035c3a        0x2 
 .rodata._global_impure_ptr
                0x00035c3c        0x4 c:/siliconlabs/simplicitystudio/v4/developer/toolchains/gnu_arm/4.9_2015q3/bin/../lib/gcc/arm-none-eabi/4.9.3/../../../../arm-none-eabi/lib/armv7e-m/fpu\libc_nano.a(lib_a-impure.o)
                0x00035c3c                _global_impure_ptr
 .rodata.__sf_fake_stdin
                0x00035c40       0x20 c:/siliconlabs/simplicitystudio/v4/developer/toolchains/gnu_arm/4.9_2015q3/bin/../lib/gcc/arm-none-eabi/4.9.3/../../../../arm-none-eabi/lib/armv7e-m/fpu\libc_nano.a(lib_a-findfp.o)
                0x00035c40                __sf_fake_stdin
 .rodata.__sf_fake_stdout
                0x00035c60       0x20 c:/siliconlabs/simplicitystudio/v4/developer/toolchains/gnu_arm/4.9_2015q3/bin/../lib/gcc/arm-none-eabi/4.9.3/../../../../arm-none-eabi/lib/armv7e-m/fpu\libc_nano.a(lib_a-findfp.o)
                0x00035c60                __sf_fake_stdout
 .rodata.__sf_fake_stderr
                0x00035c80       0x20 c:/siliconlabs/simplicitystudio/v4/developer/toolchains/gnu_arm/4.9_2015q3/bin/../lib/gcc/arm-none-eabi/4.9.3/../../../../arm-none-eabi/lib/armv7e-m/fpu\libc_nano.a(lib_a-findfp.o)
                0x00035c80                __sf_fake_stderr
 .rodata.str1.1
                0x00035ca0       0x11 c:/siliconlabs/simplicitystudio/v4/developer/toolchains/gnu_arm/4.9_2015q3/bin/../lib/gcc/arm-none-eabi/4.9.3/../../../../arm-none-eabi/lib/armv7e-m/fpu\libc_nano.a(lib_a-nano-svfprintf.o)
 .rodata.str1.1
                0x00000000       0x11 c:/siliconlabs/simplicitystudio/v4/developer/toolchains/gnu_arm/4.9_2015q3/bin/../lib/gcc/arm-none-eabi/4.9.3/../../../../arm-none-eabi/lib/armv7e-m/fpu\libc_nano.a(lib_a-nano-vfprintf.o)
 .rodata.str1.1
                0x00035cb1       0x22 c:/siliconlabs/simplicitystudio/v4/developer/toolchains/gnu_arm/4.9_2015q3/bin/../lib/gcc/arm-none-eabi/4.9.3/../../../../arm-none-eabi/lib/armv7e-m/fpu\libc_nano.a(lib_a-nano-vfprintf_i.o)
 *(.eh_frame*)
 *fill*         0x00035cd3        0x1 
 .eh_frame      0x00035cd4        0x0 c:/siliconlabs/simplicitystudio/v4/developer/toolchains/gnu_arm/4.9_2015q3/bin/../lib/gcc/arm-none-eabi/4.9.3/armv7e-m/fpu/crtbegin.o
 .eh_frame      0x00035cd4        0x4 c:/siliconlabs/simplicitystudio/v4/developer/toolchains/gnu_arm/4.9_2015q3/bin/../lib/gcc/arm-none-eabi/4.9.3/armv7e-m/fpu/crtend.o

.glue_7         0x00035cd8        0x0
 .glue_7        0x00000000        0x0 linker stubs

.glue_7t        0x00035cd8        0x0
 .glue_7t       0x00000000        0x0 linker stubs

.vfp11_veneer   0x00035cd8        0x0
 .vfp11_veneer  0x00000000        0x0 linker stubs

.v4_bx          0x00035cd8        0x0
 .v4_bx         0x00000000        0x0 linker stubs

.iplt           0x00035cd8        0x0
 .iplt          0x00000000        0x0 c:/siliconlabs/simplicitystudio/v4/developer/toolchains/gnu_arm/4.9_2015q3/bin/../lib/gcc/arm-none-eabi/4.9.3/armv7e-m/fpu/crtbegin.o

.ARM.extab
 *(.ARM.extab* .gnu.linkonce.armextab.*)
                0x00035cd8                __exidx_start = .

.ARM.exidx      0x00035cd8        0x8
 *(.ARM.exidx* .gnu.linkonce.armexidx.*)
 .ARM.exidx     0x00035cd8        0x8 c:/siliconlabs/simplicitystudio/v4/developer/toolchains/gnu_arm/4.9_2015q3/bin/../lib/gcc/arm-none-eabi/4.9.3/../../../../arm-none-eabi/lib/armv7e-m/fpu/crt0.o
                0x00035ce0                __exidx_end = .
                0x00035ce0                __etext = .

.rel.dyn        0x00035ce0        0x0
 .rel.iplt      0x00000000        0x0 c:/siliconlabs/simplicitystudio/v4/developer/toolchains/gnu_arm/4.9_2015q3/bin/../lib/gcc/arm-none-eabi/4.9.3/armv7e-m/fpu/crtbegin.o

.data           0x20000000      0xa88 load address 0x00035ce0
                0x20000000                __data_start__ = .
 *(vtable)
 *(.data*)
 .data.dev      0x20000000        0x4 ./usb/em_usbd.o
                0x20000000                dev
 .data.stat     0x20000004        0x1 ./fatfs/diskio.o
 *fill*         0x20000005        0x3 
 .data.SystemLFXOClock
                0x20000008        0x4 ./CMSIS/EFM32WG/system_efm32wg.o
 .data.SystemHFXOClock
                0x2000000c        0x4 ./CMSIS/EFM32WG/system_efm32wg.o
 .data.SystemCoreClock
                0x20000010        0x4 ./CMSIS/EFM32WG/system_efm32wg.o
                0x20000010                SystemCoreClock
 .data.filterbanks
                0x20000014      0x860 ./src/predictor.o
 .data.__fdlib_version
                0x20000874        0x1 c:/siliconlabs/simplicitystudio/v4/developer/toolchains/gnu_arm/4.9_2015q3/bin/../lib/gcc/arm-none-eabi/4.9.3/../../../../arm-none-eabi/lib/armv7e-m/fpu\libm.a(lib_a-s_lib_ver.o)
                0x20000874                __fdlib_version
 *fill*         0x20000875        0x3 
 .data.timeOfNextRecording
                0x20000878        0x4 ./src/main2.o
                0x20000878                timeOfNextRecording
 .data.defaultConfigSettings
                0x2000087c       0x2a ./src/main2.o
                0x2000087c                defaultConfigSettings
 *fill*         0x200008a6        0x2 
 .data.configSettings
                0x200008a8        0x4 ./src/main2.o
                0x200008a8                configSettings
 .data.durationOfNextRecording
                0x200008ac        0x4 ./src/main2.o
                0x200008ac                durationOfNextRecording
 .data.wavHeader
                0x200008b0      0x168 ./src/main2.o
 .data.impure_data
                0x20000a18       0x60 c:/siliconlabs/simplicitystudio/v4/developer/toolchains/gnu_arm/4.9_2015q3/bin/../lib/gcc/arm-none-eabi/4.9.3/../../../../arm-none-eabi/lib/armv7e-m/fpu\libc_nano.a(lib_a-impure.o)
 .data._impure_ptr
                0x20000a78        0x4 c:/siliconlabs/simplicitystudio/v4/developer/toolchains/gnu_arm/4.9_2015q3/bin/../lib/gcc/arm-none-eabi/4.9.3/../../../../arm-none-eabi/lib/armv7e-m/fpu\libc_nano.a(lib_a-impure.o)
                0x20000a78                _impure_ptr
                0x20000a7c                . = ALIGN (0x4)
 *(.ram)
                0x20000a7c                . = ALIGN (0x4)
                0x20000a7c                PROVIDE (__preinit_array_start, .)
 *(.preinit_array)
                0x20000a7c                PROVIDE (__preinit_array_end, .)
                0x20000a7c                . = ALIGN (0x4)
                0x20000a7c                PROVIDE (__init_array_start, .)
 *(SORT(.init_array.*))
 *(.init_array)
 .init_array    0x20000a7c        0x4 c:/siliconlabs/simplicitystudio/v4/developer/toolchains/gnu_arm/4.9_2015q3/bin/../lib/gcc/arm-none-eabi/4.9.3/armv7e-m/fpu/crtbegin.o
                0x20000a80                PROVIDE (__init_array_end, .)
                0x20000a80                . = ALIGN (0x4)
                0x20000a80                PROVIDE (__fini_array_start, .)
 *(SORT(.fini_array.*))
 *(.fini_array)
 .fini_array    0x20000a80        0x4 c:/siliconlabs/simplicitystudio/v4/developer/toolchains/gnu_arm/4.9_2015q3/bin/../lib/gcc/arm-none-eabi/4.9.3/armv7e-m/fpu/crtbegin.o
                0x20000a84                PROVIDE (__fini_array_end, .)
 *(.jcr*)
 .jcr           0x20000a84        0x0 c:/siliconlabs/simplicitystudio/v4/developer/toolchains/gnu_arm/4.9_2015q3/bin/../lib/gcc/arm-none-eabi/4.9.3/armv7e-m/fpu/crtbegin.o
 .jcr           0x20000a84        0x4 c:/siliconlabs/simplicitystudio/v4/developer/toolchains/gnu_arm/4.9_2015q3/bin/../lib/gcc/arm-none-eabi/4.9.3/armv7e-m/fpu/crtend.o
                0x20000a88                . = ALIGN (0x4)
                0x20000a88                __data_end__ = .

.igot.plt       0x20000a88        0x0 load address 0x00036768
 .igot.plt      0x00000000        0x0 c:/siliconlabs/simplicitystudio/v4/developer/toolchains/gnu_arm/4.9_2015q3/bin/../lib/gcc/arm-none-eabi/4.9.3/armv7e-m/fpu/crtbegin.o

.bss            0x20000b00     0x1b04 load address 0x00036800
                0x20000b00                . = ALIGN (0x4)
                0x20000b00                __bss_start__ = .
 *(.bss*)
 .bss           0x20000b00       0x1c c:/siliconlabs/simplicitystudio/v4/developer/toolchains/gnu_arm/4.9_2015q3/bin/../lib/gcc/arm-none-eabi/4.9.3/armv7e-m/fpu/crtbegin.o
 .bss.device    0x20000b1c       0xd0 ./usb/em_usbd.o
 .bss.txBuf     0x20000bec        0x4 ./usb/em_usbdch9.o
 .bss.statusIn.6431
                0x20000bf0        0x1 ./usb/em_usbdep.o
 *fill*         0x20000bf1        0x3 
 .bss.callback.6433
                0x20000bf4        0x4 ./usb/em_usbdep.o
 .bss.xferred.6432
                0x20000bf8        0x4 ./usb/em_usbdep.o
 .bss.x_USB_EP_CTL
                0x20000bfc        0x8 ./usb/em_usbdint.o
 .bss.x_USB_GNPTXFSIZ
                0x20000c04        0x4 ./usb/em_usbdint.o
 .bss.x_USB_GRXFSIZ
                0x20000c08        0x4 ./usb/em_usbdint.o
 .bss.x_USB_EP_DMAADDR
                0x20000c0c        0x8 ./usb/em_usbdint.o
 .bss.cmuStatus
                0x20000c14        0x4 ./usb/em_usbdint.o
 .bss.x_USB_DAINTMSK
                0x20000c18        0x4 ./usb/em_usbdint.o
 .bss.x_USB_GAHBCFG
                0x20000c1c        0x4 ./usb/em_usbdint.o
 .bss.x_USB_GINTMSK
                0x20000c20        0x4 ./usb/em_usbdint.o
 .bss.x_USB_DIEPTXFS
                0x20000c24        0x8 ./usb/em_usbdint.o
 .bss.x_USB_GUSBCFG
                0x20000c2c        0x4 ./usb/em_usbdint.o
 .bss.x_USB_DCFG
                0x20000c30        0x4 ./usb/em_usbdint.o
 .bss.x_USB_DOEPMSK
                0x20000c34        0x4 ./usb/em_usbdint.o
 .bss.x_USB_EP_TSIZ
                0x20000c38        0x8 ./usb/em_usbdint.o
 .bss.x_USB_GOTGCTL
                0x20000c40        0x4 ./usb/em_usbdint.o
 .bss.USBD_poweredDown
                0x20000c44        0x1 ./usb/em_usbdint.o
                0x20000c44                USBD_poweredDown
 *fill*         0x20000c45        0x3 
 .bss.x_USB_DIEPMSK
                0x20000c48        0x4 ./usb/em_usbdint.o
 .bss.x_USB_DCTL
                0x20000c4c        0x4 ./usb/em_usbdint.o
 .bss.x_USB_PCGCCTL
                0x20000c50        0x4 ./usb/em_usbdint.o
 .bss.cb        0x20000c54        0xc ./src/audioMoth.o
 .bss.fatfs     0x20000c60      0x234 ./src/audioMoth.o
 .bss.numberOfSamplesPerTransfer
                0x20000e94        0x2 ./src/audioMoth.o
 *fill*         0x20000e96        0x2 
 .bss.file      0x20000e98      0x224 ./src/audioMoth.o
 .bss.delayTimmerRunning
                0x200010bc        0x1 ./src/audioMoth.o
 *fill*         0x200010bd        0x1 
 .bss.bw        0x200010be        0x2 ./src/audioMoth.o
 .bss.CardType  0x200010c0        0x2 ./fatfs/diskio.o
 *fill*         0x200010c2        0x2 
 .bss.xfersPrMsec
                0x200010c4        0x4 ./drivers/microsd.o
 .bss.timeOut   0x200010c8        0x4 ./drivers/microsd.o
 .bss.CurrVol   0x200010cc        0x1 ./fatfs/audioMoth_ff.o
 *fill*         0x200010cd        0x1 
 .bss.Fsid      0x200010ce        0x2 ./fatfs/audioMoth_ff.o
 .bss.LfnBuf    0x200010d0      0x200 ./fatfs/audioMoth_ff.o
 .bss.FatFs     0x200012d0        0x4 ./fatfs/audioMoth_ff.o
 .bss.read_buffers
                0x200012d4       0x20 ./src/main2.o
 .bss.previousSample
                0x200012f4        0x4 ./src/main2.o
 .bss.fileName  0x200012f8       0x14 ./src/main2.o
 .bss.bitsToShift
                0x2000130c        0x1 ./src/main2.o
 *fill*         0x2000130d        0x3 
 .bss.resultsFileName
                0x20001310       0x14 ./src/main2.o
 .bss.primaryBuffer
                0x20001324      0x800 ./src/main2.o
 .bss.writeBuffer
                0x20001b24        0x4 ./src/main2.o
 .bss.previousFilterOutput
                0x20001b28        0x4 ./src/main2.o
 .bss.readBuffer
                0x20001b2c        0x4 ./src/main2.o
 .bss.switchPositionChanged
                0x20001b30        0x1 ./src/main2.o
 *fill*         0x20001b31        0x3 
 .bss.secondaryBuffer
                0x20001b34      0x800 ./src/main2.o
 .bss.writeBufferIndex
                0x20002334        0x4 ./src/main2.o
 .bss.write_buffers
                0x20002338       0x20 ./src/main2.o
 .bss.__malloc_sbrk_start
                0x20002358        0x4 c:/siliconlabs/simplicitystudio/v4/developer/toolchains/gnu_arm/4.9_2015q3/bin/../lib/gcc/arm-none-eabi/4.9.3/../../../../arm-none-eabi/lib/armv7e-m/fpu\libc_nano.a(lib_a-nano-mallocr.o)
                0x20002358                __malloc_sbrk_start
 .bss.__malloc_free_list
                0x2000235c        0x4 c:/siliconlabs/simplicitystudio/v4/developer/toolchains/gnu_arm/4.9_2015q3/bin/../lib/gcc/arm-none-eabi/4.9.3/../../../../arm-none-eabi/lib/armv7e-m/fpu\libc_nano.a(lib_a-nano-mallocr.o)
                0x2000235c                __malloc_free_list
 .bss.heap_end.4079
                0x20002360        0x4 c:/siliconlabs/simplicitystudio/v4/developer/toolchains/gnu_arm/4.9_2015q3/bin/../lib/gcc/arm-none-eabi/4.9.3/../../../../arm-none-eabi/lib/armv7e-m/fpu\libnosys.a(sbrk.o)
 *(COMMON)
 *fill*         0x20002364       0x9c 
 COMMON         0x20002400      0x200 ./drivers/dmactrl.o
                0x20002400                dmaControlBlock
 COMMON         0x20002600        0x4 c:/siliconlabs/simplicitystudio/v4/developer/toolchains/gnu_arm/4.9_2015q3/bin/../lib/gcc/arm-none-eabi/4.9.3/../../../../arm-none-eabi/lib/armv7e-m/fpu\libc_nano.a(lib_a-reent.o)
                0x20002600                errno
                0x20002604                . = ALIGN (0x4)
                0x20002604                __bss_end__ = .

.heap           0x20002608      0xc00
                0x20002608                __HeapBase = .
                0x20002608                __end__ = .
                0x20002608                end = __end__
                0x20002608                _end = __end__
 *(.heap*)
 .heap          0x20002608      0xc00 ./CMSIS/EFM32WG/startup_efm32wg.o
                0x20003208                __HeapLimit = .

.stack_dummy    0x20002608      0x400
 *(.stack*)
 .stack         0x20002608      0x400 ./CMSIS/EFM32WG/startup_efm32wg.o
                0x20008000                __StackTop = (ORIGIN (RAM) + 0x8000)
                0x20007c00                __StackLimit = (__StackTop - SIZEOF (.stack_dummy))
                0x20008000                PROVIDE (__stack, __StackTop)
                0x00000001                ASSERT ((__StackLimit >= __HeapLimit), region RAM overflowed with stack)
                0x00000001                ASSERT ((0x40000 >= (__etext + SIZEOF (.data))), FLASH memory overflowed !)
OUTPUT(AudioMoth-Project.axf elf32-littlearm)

.ARM.attributes
                0x00000000       0x30
 .ARM.attributes
                0x00000000       0x22 c:/siliconlabs/simplicitystudio/v4/developer/toolchains/gnu_arm/4.9_2015q3/bin/../lib/gcc/arm-none-eabi/4.9.3/armv7e-m/fpu/crti.o
 .ARM.attributes
                0x00000022       0x34 c:/siliconlabs/simplicitystudio/v4/developer/toolchains/gnu_arm/4.9_2015q3/bin/../lib/gcc/arm-none-eabi/4.9.3/armv7e-m/fpu/crtbegin.o
 .ARM.attributes
                0x00000056       0x20 c:/siliconlabs/simplicitystudio/v4/developer/toolchains/gnu_arm/4.9_2015q3/bin/../lib/gcc/arm-none-eabi/4.9.3/../../../../arm-none-eabi/lib/armv7e-m/fpu/crt0.o
 .ARM.attributes
                0x00000076       0x39 ./usb/em_usbd.o
 .ARM.attributes
                0x000000af       0x39 ./usb/em_usbdch9.o
 .ARM.attributes
                0x000000e8       0x39 ./usb/em_usbdep.o
 .ARM.attributes
                0x00000121       0x39 ./usb/em_usbdint.o
 .ARM.attributes
                0x0000015a       0x39 ./usb/em_usbhal.o
 .ARM.attributes
                0x00000193       0x39 ./src/audioMoth.o
 .ARM.attributes
                0x000001cc       0x39 ./fatfs/diskio.o
 .ARM.attributes
                0x00000205       0x39 ./emlib/em_acmp.o
 .ARM.attributes
                0x0000023e       0x39 ./emlib/em_adc.o
 .ARM.attributes
                0x00000277       0x39 ./emlib/em_burtc.o
 .ARM.attributes
                0x000002b0       0x39 ./emlib/em_cmu.o
 .ARM.attributes
                0x000002e9       0x39 ./emlib/em_core.o
 .ARM.attributes
                0x00000322       0x39 ./emlib/em_dma.o
 .ARM.attributes
                0x0000035b       0x39 ./emlib/em_ebi.o
 .ARM.attributes
                0x00000394       0x39 ./emlib/em_emu.o
 .ARM.attributes
                0x000003cd       0x39 ./emlib/em_gpio.o
 .ARM.attributes
                0x00000406       0x39 ./emlib/em_opamp.o
 .ARM.attributes
                0x0000043f       0x39 ./emlib/em_prs.o
 .ARM.attributes
                0x00000478       0x39 ./emlib/em_rmu.o
 .ARM.attributes
                0x000004b1       0x39 ./emlib/em_system.o
 .ARM.attributes
                0x000004ea       0x39 ./emlib/em_timer.o
 .ARM.attributes
                0x00000523       0x39 ./emlib/em_usart.o
 .ARM.attributes
                0x0000055c       0x39 ./emlib/em_wdog.o
 .ARM.attributes
                0x00000595       0x39 ./drivers/dmactrl.o
 .ARM.attributes
                0x000005ce       0x39 ./drivers/microsd.o
 .ARM.attributes
                0x00000607       0x1f ./CMSIS/EFM32WG/startup_efm32wg.o
 .ARM.attributes
                0x00000626       0x39 ./CMSIS/EFM32WG/system_efm32wg.o
 .ARM.attributes
                0x0000065f       0x39 ./fatfs/audioMoth_ff.o
 .ARM.attributes
                0x00000698       0x39 ./src/predictor.o
 .ARM.attributes
                0x000006d1       0x39 C:\Users\Gregi\gunshot\CMSIS_5-5.4.0\CMSIS\Lib\GCC\libarm_cortexM4lf_math.a(arm_q15_to_float.o)
 .ARM.attributes
                0x0000070a       0x39 C:\Users\Gregi\gunshot\CMSIS_5-5.4.0\CMSIS\Lib\GCC\libarm_cortexM4lf_math.a(arm_float_to_q7.o)
 .ARM.attributes
                0x00000743       0x39 C:\Users\Gregi\gunshot\CMSIS_5-5.4.0\CMSIS\Lib\GCC\libarm_cortexM4lf_math.a(arm_min_f32.o)
 .ARM.attributes
                0x0000077c       0x39 C:\Users\Gregi\gunshot\CMSIS_5-5.4.0\CMSIS\Lib\GCC\libarm_cortexM4lf_math.a(arm_max_f32.o)
 .ARM.attributes
                0x000007b5       0x39 C:\Users\Gregi\gunshot\CMSIS_5-5.4.0\CMSIS\Lib\GCC\libarm_cortexM4lf_math.a(arm_rfft_fast_init_f32.o)
 .ARM.attributes
                0x000007ee       0x39 C:\Users\Gregi\gunshot\CMSIS_5-5.4.0\CMSIS\Lib\GCC\libarm_cortexM4lf_math.a(arm_rfft_fast_f32.o)
 .ARM.attributes
                0x00000827       0x39 C:\Users\Gregi\gunshot\CMSIS_5-5.4.0\CMSIS\Lib\GCC\libarm_cortexM4lf_math.a(arm_cfft_f32.o)
 .ARM.attributes
                0x00000860       0x39 C:\Users\Gregi\gunshot\CMSIS_5-5.4.0\CMSIS\Lib\GCC\libarm_cortexM4lf_math.a(arm_cmplx_mag_f32.o)
 .ARM.attributes
                0x00000899       0x39 C:\Users\Gregi\gunshot\CMSIS_5-5.4.0\CMSIS\Lib\GCC\libarm_cortexM4lf_math.a(arm_cos_f32.o)
 .ARM.attributes
                0x000008d2       0x39 C:\Users\Gregi\gunshot\CMSIS_5-5.4.0\CMSIS\Lib\GCC\libarm_cortexM4lf_math.a(arm_scale_f32.o)
 .ARM.attributes
                0x0000090b       0x39 C:\Users\Gregi\gunshot\CMSIS_5-5.4.0\CMSIS\Lib\GCC\libarm_cortexM4lf_math.a(arm_mult_f32.o)
 .ARM.attributes
                0x00000944       0x39 C:\Users\Gregi\gunshot\CMSIS_5-5.4.0\CMSIS\Lib\GCC\libarm_cortexM4lf_math.a(arm_common_tables.o)
 .ARM.attributes
                0x0000097d       0x25 C:\Users\Gregi\gunshot\CMSIS_5-5.4.0\CMSIS\Lib\GCC\libarm_cortexM4lf_math.a(arm_bitreversal2.o)
 .ARM.attributes
                0x000009a2       0x39 C:\Users\Gregi\gunshot\CMSIS_5-5.4.0\CMSIS\Lib\GCC\libarm_cortexM4lf_math.a(arm_cfft_radix8_f32.o)
 .ARM.attributes
                0x000009db       0x34 c:/siliconlabs/simplicitystudio/v4/developer/toolchains/gnu_arm/4.9_2015q3/bin/../lib/gcc/arm-none-eabi/4.9.3/../../../../arm-none-eabi/lib/armv7e-m/fpu\libm.a(lib_a-w_log.o)
 .ARM.attributes
                0x00000a0f       0x34 c:/siliconlabs/simplicitystudio/v4/developer/toolchains/gnu_arm/4.9_2015q3/bin/../lib/gcc/arm-none-eabi/4.9.3/../../../../arm-none-eabi/lib/armv7e-m/fpu\libm.a(lib_a-wf_sqrt.o)
 .ARM.attributes
                0x00000a43       0x34 c:/siliconlabs/simplicitystudio/v4/developer/toolchains/gnu_arm/4.9_2015q3/bin/../lib/gcc/arm-none-eabi/4.9.3/../../../../arm-none-eabi/lib/armv7e-m/fpu\libm.a(lib_a-e_log.o)
 .ARM.attributes
                0x00000a77       0x34 c:/siliconlabs/simplicitystudio/v4/developer/toolchains/gnu_arm/4.9_2015q3/bin/../lib/gcc/arm-none-eabi/4.9.3/../../../../arm-none-eabi/lib/armv7e-m/fpu\libm.a(lib_a-ef_sqrt.o)
 .ARM.attributes
                0x00000aab       0x34 c:/siliconlabs/simplicitystudio/v4/developer/toolchains/gnu_arm/4.9_2015q3/bin/../lib/gcc/arm-none-eabi/4.9.3/../../../../arm-none-eabi/lib/armv7e-m/fpu\libm.a(lib_a-s_fpclassify.o)
 .ARM.attributes
                0x00000adf       0x34 c:/siliconlabs/simplicitystudio/v4/developer/toolchains/gnu_arm/4.9_2015q3/bin/../lib/gcc/arm-none-eabi/4.9.3/../../../../arm-none-eabi/lib/armv7e-m/fpu\libm.a(lib_a-s_lib_ver.o)
 .ARM.attributes
                0x00000b13       0x34 c:/siliconlabs/simplicitystudio/v4/developer/toolchains/gnu_arm/4.9_2015q3/bin/../lib/gcc/arm-none-eabi/4.9.3/../../../../arm-none-eabi/lib/armv7e-m/fpu\libm.a(lib_a-s_matherr.o)
 .ARM.attributes
                0x00000b47       0x34 c:/siliconlabs/simplicitystudio/v4/developer/toolchains/gnu_arm/4.9_2015q3/bin/../lib/gcc/arm-none-eabi/4.9.3/../../../../arm-none-eabi/lib/armv7e-m/fpu\libm.a(lib_a-s_nan.o)
 .ARM.attributes
                0x00000b7b       0x34 c:/siliconlabs/simplicitystudio/v4/developer/toolchains/gnu_arm/4.9_2015q3/bin/../lib/gcc/arm-none-eabi/4.9.3/../../../../arm-none-eabi/lib/armv7e-m/fpu\libm.a(lib_a-sf_fpclassify.o)
 .ARM.attributes
                0x00000baf       0x39 ./src/main2.o
 .ARM.attributes
                0x00000be8       0x39 ./NN/arm_fully_connected_q7.o
 .ARM.attributes
                0x00000c21       0x39 ./NN/arm_relu_q7.o
 .ARM.attributes
                0x00000c5a       0x22 c:/siliconlabs/simplicitystudio/v4/developer/toolchains/gnu_arm/4.9_2015q3/bin/../lib/gcc/arm-none-eabi/4.9.3/armv7e-m/fpu\libgcc.a(_arm_addsubdf3.o)
 .ARM.attributes
                0x00000c7c       0x22 c:/siliconlabs/simplicitystudio/v4/developer/toolchains/gnu_arm/4.9_2015q3/bin/../lib/gcc/arm-none-eabi/4.9.3/armv7e-m/fpu\libgcc.a(_arm_muldivdf3.o)
 .ARM.attributes
                0x00000c9e       0x22 c:/siliconlabs/simplicitystudio/v4/developer/toolchains/gnu_arm/4.9_2015q3/bin/../lib/gcc/arm-none-eabi/4.9.3/armv7e-m/fpu\libgcc.a(_arm_cmpdf2.o)
 .ARM.attributes
                0x00000cc0       0x22 c:/siliconlabs/simplicitystudio/v4/developer/toolchains/gnu_arm/4.9_2015q3/bin/../lib/gcc/arm-none-eabi/4.9.3/armv7e-m/fpu\libgcc.a(_arm_truncdfsf2.o)
 .ARM.attributes
                0x00000ce2       0x34 c:/siliconlabs/simplicitystudio/v4/developer/toolchains/gnu_arm/4.9_2015q3/bin/../lib/gcc/arm-none-eabi/4.9.3/../../../../arm-none-eabi/lib/armv7e-m/fpu\libc_nano.a(lib_a-errno.o)
 .ARM.attributes
                0x00000d16       0x34 c:/siliconlabs/simplicitystudio/v4/developer/toolchains/gnu_arm/4.9_2015q3/bin/../lib/gcc/arm-none-eabi/4.9.3/../../../../arm-none-eabi/lib/armv7e-m/fpu\libc_nano.a(lib_a-exit.o)
 .ARM.attributes
                0x00000d4a       0x34 c:/siliconlabs/simplicitystudio/v4/developer/toolchains/gnu_arm/4.9_2015q3/bin/../lib/gcc/arm-none-eabi/4.9.3/../../../../arm-none-eabi/lib/armv7e-m/fpu\libc_nano.a(lib_a-gmtime.o)
 .ARM.attributes
                0x00000d7e       0x34 c:/siliconlabs/simplicitystudio/v4/developer/toolchains/gnu_arm/4.9_2015q3/bin/../lib/gcc/arm-none-eabi/4.9.3/../../../../arm-none-eabi/lib/armv7e-m/fpu\libc_nano.a(lib_a-gmtime_r.o)
 .ARM.attributes
                0x00000db2       0x34 c:/siliconlabs/simplicitystudio/v4/developer/toolchains/gnu_arm/4.9_2015q3/bin/../lib/gcc/arm-none-eabi/4.9.3/../../../../arm-none-eabi/lib/armv7e-m/fpu\libc_nano.a(lib_a-impure.o)
 .ARM.attributes
                0x00000de6       0x34 c:/siliconlabs/simplicitystudio/v4/developer/toolchains/gnu_arm/4.9_2015q3/bin/../lib/gcc/arm-none-eabi/4.9.3/../../../../arm-none-eabi/lib/armv7e-m/fpu\libc_nano.a(lib_a-init.o)
 .ARM.attributes
                0x00000e1a       0x34 c:/siliconlabs/simplicitystudio/v4/developer/toolchains/gnu_arm/4.9_2015q3/bin/../lib/gcc/arm-none-eabi/4.9.3/../../../../arm-none-eabi/lib/armv7e-m/fpu\libc_nano.a(lib_a-malloc.o)
 .ARM.attributes
                0x00000e4e       0x34 c:/siliconlabs/simplicitystudio/v4/developer/toolchains/gnu_arm/4.9_2015q3/bin/../lib/gcc/arm-none-eabi/4.9.3/../../../../arm-none-eabi/lib/armv7e-m/fpu\libc_nano.a(lib_a-memcpy.o)
 .ARM.attributes
                0x00000e82       0x34 c:/siliconlabs/simplicitystudio/v4/developer/toolchains/gnu_arm/4.9_2015q3/bin/../lib/gcc/arm-none-eabi/4.9.3/../../../../arm-none-eabi/lib/armv7e-m/fpu\libc_nano.a(lib_a-memset.o)
 .ARM.attributes
                0x00000eb6       0x34 c:/siliconlabs/simplicitystudio/v4/developer/toolchains/gnu_arm/4.9_2015q3/bin/../lib/gcc/arm-none-eabi/4.9.3/../../../../arm-none-eabi/lib/armv7e-m/fpu\libc_nano.a(lib_a-nano-freer.o)
 .ARM.attributes
                0x00000eea       0x34 c:/siliconlabs/simplicitystudio/v4/developer/toolchains/gnu_arm/4.9_2015q3/bin/../lib/gcc/arm-none-eabi/4.9.3/../../../../arm-none-eabi/lib/armv7e-m/fpu\libc_nano.a(lib_a-nano-mallocr.o)
 .ARM.attributes
                0x00000f1e       0x34 c:/siliconlabs/simplicitystudio/v4/developer/toolchains/gnu_arm/4.9_2015q3/bin/../lib/gcc/arm-none-eabi/4.9.3/../../../../arm-none-eabi/lib/armv7e-m/fpu\libc_nano.a(lib_a-printf.o)
 .ARM.attributes
                0x00000f52       0x34 c:/siliconlabs/simplicitystudio/v4/developer/toolchains/gnu_arm/4.9_2015q3/bin/../lib/gcc/arm-none-eabi/4.9.3/../../../../arm-none-eabi/lib/armv7e-m/fpu\libc_nano.a(lib_a-sbrkr.o)
 .ARM.attributes
                0x00000f86       0x34 c:/siliconlabs/simplicitystudio/v4/developer/toolchains/gnu_arm/4.9_2015q3/bin/../lib/gcc/arm-none-eabi/4.9.3/../../../../arm-none-eabi/lib/armv7e-m/fpu\libc_nano.a(lib_a-sprintf.o)
 .ARM.attributes
                0x00000fba       0x34 c:/siliconlabs/simplicitystudio/v4/developer/toolchains/gnu_arm/4.9_2015q3/bin/../lib/gcc/arm-none-eabi/4.9.3/../../../../arm-none-eabi/lib/armv7e-m/fpu\libc_nano.a(lib_a-wbuf.o)
 .ARM.attributes
                0x00000fee       0x34 c:/siliconlabs/simplicitystudio/v4/developer/toolchains/gnu_arm/4.9_2015q3/bin/../lib/gcc/arm-none-eabi/4.9.3/../../../../arm-none-eabi/lib/armv7e-m/fpu\libc_nano.a(lib_a-wsetup.o)
 .ARM.attributes
                0x00001022       0x34 c:/siliconlabs/simplicitystudio/v4/developer/toolchains/gnu_arm/4.9_2015q3/bin/../lib/gcc/arm-none-eabi/4.9.3/../../../../arm-none-eabi/lib/armv7e-m/fpu\libc_nano.a(lib_a-fflush.o)
 .ARM.attributes
                0x00001056       0x34 c:/siliconlabs/simplicitystudio/v4/developer/toolchains/gnu_arm/4.9_2015q3/bin/../lib/gcc/arm-none-eabi/4.9.3/../../../../arm-none-eabi/lib/armv7e-m/fpu\libc_nano.a(lib_a-findfp.o)
 .ARM.attributes
                0x0000108a       0x34 c:/siliconlabs/simplicitystudio/v4/developer/toolchains/gnu_arm/4.9_2015q3/bin/../lib/gcc/arm-none-eabi/4.9.3/../../../../arm-none-eabi/lib/armv7e-m/fpu\libc_nano.a(lib_a-fwalk.o)
 .ARM.attributes
                0x000010be       0x34 c:/siliconlabs/simplicitystudio/v4/developer/toolchains/gnu_arm/4.9_2015q3/bin/../lib/gcc/arm-none-eabi/4.9.3/../../../../arm-none-eabi/lib/armv7e-m/fpu\libc_nano.a(lib_a-makebuf.o)
 .ARM.attributes
                0x000010f2       0x34 c:/siliconlabs/simplicitystudio/v4/developer/toolchains/gnu_arm/4.9_2015q3/bin/../lib/gcc/arm-none-eabi/4.9.3/../../../../arm-none-eabi/lib/armv7e-m/fpu\libc_nano.a(lib_a-nano-svfprintf.o)
 .ARM.attributes
                0x00001126       0x34 c:/siliconlabs/simplicitystudio/v4/developer/toolchains/gnu_arm/4.9_2015q3/bin/../lib/gcc/arm-none-eabi/4.9.3/../../../../arm-none-eabi/lib/armv7e-m/fpu\libc_nano.a(lib_a-nano-vfprintf.o)
 .ARM.attributes
                0x0000115a       0x34 c:/siliconlabs/simplicitystudio/v4/developer/toolchains/gnu_arm/4.9_2015q3/bin/../lib/gcc/arm-none-eabi/4.9.3/../../../../arm-none-eabi/lib/armv7e-m/fpu\libc_nano.a(lib_a-nano-vfprintf_i.o)
 .ARM.attributes
                0x0000118e       0x34 c:/siliconlabs/simplicitystudio/v4/developer/toolchains/gnu_arm/4.9_2015q3/bin/../lib/gcc/arm-none-eabi/4.9.3/../../../../arm-none-eabi/lib/armv7e-m/fpu\libc_nano.a(lib_a-reent.o)
 .ARM.attributes
                0x000011c2       0x34 c:/siliconlabs/simplicitystudio/v4/developer/toolchains/gnu_arm/4.9_2015q3/bin/../lib/gcc/arm-none-eabi/4.9.3/../../../../arm-none-eabi/lib/armv7e-m/fpu\libc_nano.a(lib_a-stdio.o)
 .ARM.attributes
                0x000011f6       0x34 c:/siliconlabs/simplicitystudio/v4/developer/toolchains/gnu_arm/4.9_2015q3/bin/../lib/gcc/arm-none-eabi/4.9.3/../../../../arm-none-eabi/lib/armv7e-m/fpu\libc_nano.a(lib_a-writer.o)
 .ARM.attributes
                0x0000122a       0x34 c:/siliconlabs/simplicitystudio/v4/developer/toolchains/gnu_arm/4.9_2015q3/bin/../lib/gcc/arm-none-eabi/4.9.3/../../../../arm-none-eabi/lib/armv7e-m/fpu\libc_nano.a(lib_a-closer.o)
 .ARM.attributes
                0x0000125e       0x34 c:/siliconlabs/simplicitystudio/v4/developer/toolchains/gnu_arm/4.9_2015q3/bin/../lib/gcc/arm-none-eabi/4.9.3/../../../../arm-none-eabi/lib/armv7e-m/fpu\libc_nano.a(lib_a-fstatr.o)
 .ARM.attributes
                0x00001292       0x34 c:/siliconlabs/simplicitystudio/v4/developer/toolchains/gnu_arm/4.9_2015q3/bin/../lib/gcc/arm-none-eabi/4.9.3/../../../../arm-none-eabi/lib/armv7e-m/fpu\libc_nano.a(lib_a-isattyr.o)
 .ARM.attributes
                0x000012c6       0x34 c:/siliconlabs/simplicitystudio/v4/developer/toolchains/gnu_arm/4.9_2015q3/bin/../lib/gcc/arm-none-eabi/4.9.3/../../../../arm-none-eabi/lib/armv7e-m/fpu\libc_nano.a(lib_a-lseekr.o)
 .ARM.attributes
                0x000012fa       0x34 c:/siliconlabs/simplicitystudio/v4/developer/toolchains/gnu_arm/4.9_2015q3/bin/../lib/gcc/arm-none-eabi/4.9.3/../../../../arm-none-eabi/lib/armv7e-m/fpu\libc_nano.a(lib_a-memchr.o)
 .ARM.attributes
                0x0000132e       0x34 c:/siliconlabs/simplicitystudio/v4/developer/toolchains/gnu_arm/4.9_2015q3/bin/../lib/gcc/arm-none-eabi/4.9.3/../../../../arm-none-eabi/lib/armv7e-m/fpu\libc_nano.a(lib_a-memmove.o)
 .ARM.attributes
                0x00001362       0x34 c:/siliconlabs/simplicitystudio/v4/developer/toolchains/gnu_arm/4.9_2015q3/bin/../lib/gcc/arm-none-eabi/4.9.3/../../../../arm-none-eabi/lib/armv7e-m/fpu\libc_nano.a(lib_a-nano-reallocr.o)
 .ARM.attributes
                0x00001396       0x34 c:/siliconlabs/simplicitystudio/v4/developer/toolchains/gnu_arm/4.9_2015q3/bin/../lib/gcc/arm-none-eabi/4.9.3/../../../../arm-none-eabi/lib/armv7e-m/fpu\libc_nano.a(lib_a-readr.o)
 .ARM.attributes
                0x000013ca       0x34 c:/siliconlabs/simplicitystudio/v4/developer/toolchains/gnu_arm/4.9_2015q3/bin/../lib/gcc/arm-none-eabi/4.9.3/../../../../arm-none-eabi/lib/armv7e-m/fpu\libc_nano.a(lib_a-nano-msizer.o)
 .ARM.attributes
                0x000013fe       0x34 c:/siliconlabs/simplicitystudio/v4/developer/toolchains/gnu_arm/4.9_2015q3/bin/../lib/gcc/arm-none-eabi/4.9.3/../../../../arm-none-eabi/lib/armv7e-m/fpu\libnosys.a(close.o)
 .ARM.attributes
                0x00001432       0x34 c:/siliconlabs/simplicitystudio/v4/developer/toolchains/gnu_arm/4.9_2015q3/bin/../lib/gcc/arm-none-eabi/4.9.3/../../../../arm-none-eabi/lib/armv7e-m/fpu\libnosys.a(fstat.o)
 .ARM.attributes
                0x00001466       0x34 c:/siliconlabs/simplicitystudio/v4/developer/toolchains/gnu_arm/4.9_2015q3/bin/../lib/gcc/arm-none-eabi/4.9.3/../../../../arm-none-eabi/lib/armv7e-m/fpu\libnosys.a(isatty.o)
 .ARM.attributes
                0x0000149a       0x34 c:/siliconlabs/simplicitystudio/v4/developer/toolchains/gnu_arm/4.9_2015q3/bin/../lib/gcc/arm-none-eabi/4.9.3/../../../../arm-none-eabi/lib/armv7e-m/fpu\libnosys.a(lseek.o)
 .ARM.attributes
                0x000014ce       0x34 c:/siliconlabs/simplicitystudio/v4/developer/toolchains/gnu_arm/4.9_2015q3/bin/../lib/gcc/arm-none-eabi/4.9.3/../../../../arm-none-eabi/lib/armv7e-m/fpu\libnosys.a(read.o)
 .ARM.attributes
                0x00001502       0x34 c:/siliconlabs/simplicitystudio/v4/developer/toolchains/gnu_arm/4.9_2015q3/bin/../lib/gcc/arm-none-eabi/4.9.3/../../../../arm-none-eabi/lib/armv7e-m/fpu\libnosys.a(sbrk.o)
 .ARM.attributes
                0x00001536       0x34 c:/siliconlabs/simplicitystudio/v4/developer/toolchains/gnu_arm/4.9_2015q3/bin/../lib/gcc/arm-none-eabi/4.9.3/../../../../arm-none-eabi/lib/armv7e-m/fpu\libnosys.a(_exit.o)
 .ARM.attributes
                0x0000156a       0x34 c:/siliconlabs/simplicitystudio/v4/developer/toolchains/gnu_arm/4.9_2015q3/bin/../lib/gcc/arm-none-eabi/4.9.3/armv7e-m/fpu/crtend.o
 .ARM.attributes
                0x0000159e       0x22 c:/siliconlabs/simplicitystudio/v4/developer/toolchains/gnu_arm/4.9_2015q3/bin/../lib/gcc/arm-none-eabi/4.9.3/armv7e-m/fpu/crtn.o

.comment        0x00000000       0xde
 .comment       0x00000000       0x70 ./usb/em_usbd.o
                                 0x71 (size before relaxing)
 .comment       0x00000000       0x71 ./usb/em_usbdch9.o
 .comment       0x00000000       0x71 ./usb/em_usbdep.o
 .comment       0x00000000       0x71 ./usb/em_usbdint.o
 .comment       0x00000000       0x71 ./usb/em_usbhal.o
 .comment       0x00000000       0x71 ./src/audioMoth.o
 .comment       0x00000000       0x71 ./fatfs/diskio.o
 .comment       0x00000000       0x71 ./emlib/em_acmp.o
 .comment       0x00000000       0x71 ./emlib/em_adc.o
 .comment       0x00000000       0x71 ./emlib/em_burtc.o
 .comment       0x00000000       0x71 ./emlib/em_cmu.o
 .comment       0x00000000       0x71 ./emlib/em_core.o
 .comment       0x00000000       0x71 ./emlib/em_dma.o
 .comment       0x00000000       0x71 ./emlib/em_ebi.o
 .comment       0x00000000       0x71 ./emlib/em_emu.o
 .comment       0x00000000       0x71 ./emlib/em_gpio.o
 .comment       0x00000000       0x71 ./emlib/em_opamp.o
 .comment       0x00000000       0x71 ./emlib/em_prs.o
 .comment       0x00000000       0x71 ./emlib/em_rmu.o
 .comment       0x00000000       0x71 ./emlib/em_system.o
 .comment       0x00000000       0x71 ./emlib/em_timer.o
 .comment       0x00000000       0x71 ./emlib/em_usart.o
 .comment       0x00000000       0x71 ./emlib/em_wdog.o
 .comment       0x00000000       0x71 ./drivers/dmactrl.o
 .comment       0x00000000       0x71 ./drivers/microsd.o
 .comment       0x00000000       0x71 ./CMSIS/EFM32WG/system_efm32wg.o
 .comment       0x00000000       0x71 ./fatfs/audioMoth_ff.o
 .comment       0x00000000       0x71 ./src/predictor.o
 .comment       0x00000070       0x6e C:\Users\Gregi\gunshot\CMSIS_5-5.4.0\CMSIS\Lib\GCC\libarm_cortexM4lf_math.a(arm_q15_to_float.o)
                                 0x6f (size before relaxing)
 .comment       0x00000000       0x6f C:\Users\Gregi\gunshot\CMSIS_5-5.4.0\CMSIS\Lib\GCC\libarm_cortexM4lf_math.a(arm_float_to_q7.o)
 .comment       0x00000000       0x6f C:\Users\Gregi\gunshot\CMSIS_5-5.4.0\CMSIS\Lib\GCC\libarm_cortexM4lf_math.a(arm_min_f32.o)
 .comment       0x00000000       0x6f C:\Users\Gregi\gunshot\CMSIS_5-5.4.0\CMSIS\Lib\GCC\libarm_cortexM4lf_math.a(arm_max_f32.o)
 .comment       0x00000000       0x6f C:\Users\Gregi\gunshot\CMSIS_5-5.4.0\CMSIS\Lib\GCC\libarm_cortexM4lf_math.a(arm_rfft_fast_init_f32.o)
 .comment       0x00000000       0x6f C:\Users\Gregi\gunshot\CMSIS_5-5.4.0\CMSIS\Lib\GCC\libarm_cortexM4lf_math.a(arm_rfft_fast_f32.o)
 .comment       0x00000000       0x6f C:\Users\Gregi\gunshot\CMSIS_5-5.4.0\CMSIS\Lib\GCC\libarm_cortexM4lf_math.a(arm_cfft_f32.o)
 .comment       0x00000000       0x6f C:\Users\Gregi\gunshot\CMSIS_5-5.4.0\CMSIS\Lib\GCC\libarm_cortexM4lf_math.a(arm_cmplx_mag_f32.o)
 .comment       0x00000000       0x6f C:\Users\Gregi\gunshot\CMSIS_5-5.4.0\CMSIS\Lib\GCC\libarm_cortexM4lf_math.a(arm_cos_f32.o)
 .comment       0x00000000       0x6f C:\Users\Gregi\gunshot\CMSIS_5-5.4.0\CMSIS\Lib\GCC\libarm_cortexM4lf_math.a(arm_scale_f32.o)
 .comment       0x00000000       0x6f C:\Users\Gregi\gunshot\CMSIS_5-5.4.0\CMSIS\Lib\GCC\libarm_cortexM4lf_math.a(arm_mult_f32.o)
 .comment       0x00000000       0x6f C:\Users\Gregi\gunshot\CMSIS_5-5.4.0\CMSIS\Lib\GCC\libarm_cortexM4lf_math.a(arm_common_tables.o)
 .comment       0x00000000       0x6f C:\Users\Gregi\gunshot\CMSIS_5-5.4.0\CMSIS\Lib\GCC\libarm_cortexM4lf_math.a(arm_cfft_radix8_f32.o)
 .comment       0x00000000       0x71 ./src/main2.o
 .comment       0x00000000       0x71 ./NN/arm_fully_connected_q7.o
 .comment       0x00000000       0x71 ./NN/arm_relu_q7.o

.debug_info     0x00000000    0x31db8
 .debug_info    0x00000000     0x2d2a ./usb/em_usbd.o
 .debug_info    0x00002d2a     0x1dab ./usb/em_usbdch9.o
 .debug_info    0x00004ad5     0x1799 ./usb/em_usbdep.o
 .debug_info    0x0000626e     0x2239 ./usb/em_usbdint.o
 .debug_info    0x000084a7     0x1e5b ./usb/em_usbhal.o
 .debug_info    0x0000a302     0x8f40 ./src/audioMoth.o
 .debug_info    0x00013242      0x846 ./fatfs/diskio.o
 .debug_info    0x00013a88      0x6fd ./emlib/em_acmp.o
 .debug_info    0x00014185      0xd04 ./emlib/em_adc.o